         U BAL_MMCTask
         U BAL_MainTaskEntry
         U BTCPU_SendEvent
         U BTCPU_SendEvent2
         U BTSco_AudCallReset
         U BTSco_AudCallStarted
         U BTSco_Setup
         U BTSco_Start
         U BTSco_Stop
         U BTq_Commit_EDR
         U BTq_Enqueue
         U CSW_COS_MALLOC
         U CSW_Free
         U HCI_FreeReceiveBuffer
         U HCI_GetReceiveBuffer
         U MCI_AudioSetEQ
         U MCI_AudioStop
         U MCI_PlayBTStream
         U MCI_PlayInternalAudio
         U MCI_PlaySideTone
         U MCI_StartBTSCO
         U MCI_StopInternalAudio
         U PM_GetBatteryInfo
         U PM_SetBattery
         U RDA_bt_Power_On_Reset
         U RdaBtTest_send_manual_tx_cmd
         U SYS_ASSERT
         U SYS_ASSERT2
         U SYS_SendEvent2
         U SYSpwr_Halt_System
         U TCeg_Command_Complete_Event
         U TRAhcit_COMBINED_Shutdown
         U USLCchac_Wakeup2
         U _Z10init_stackv
         U _Z9init_vectv
         U _ZN6USBHAL10disconnectEv
         U _ZN6USBHAL10setAddressEh
         U _ZN6USBHAL12EP0readStageEv
         U _ZN6USBHAL12endpointReadEhm
         U _ZN6USBHAL13endpointWriteEhPhm
         U _ZN6USBHAL13stallEndpointEh
         U _ZN6USBHAL15configureDeviceEv
         U _ZN6USBHAL15realiseEndpointEhmm
         U _ZN6USBHAL15unstallEndpointEh
         U _ZN6USBHAL16EP0getReadResultEPh
         U _ZN6USBHAL17unconfigureDeviceEv
         U _ZN6USBHAL18endpointReadResultEhPhPm
         U _ZN6USBHAL19endpointWriteResultEh
         U _ZN6USBHAL21getEndpointStallStateEh
         U _ZN6USBHAL7EP0readEv
         U _ZN6USBHAL7connectEv
         U _ZN6USBHAL8EP0setupEPh
         U _ZN6USBHAL8EP0stallEv
         U _ZN6USBHAL8EP0writeEPhm
         U __bb_int_handler
         U __bss_end__
         U __bss_start__
         U __data_end__
         U __data_start__
         U __etext
         U __fini_array_end
         U __fini_array_start
         U __gxx_personality_v0
         U __preinit_array_end
         U __preinit_array_start
         U _bt_dualport_heap_size
         U _bt_dualport_heap_start
         U _bt_sram_heap_size
         U _bt_sram_heap_start
         U alloc_mem_block
         U apbs_AddedData
         U apbs_GetBufPosition
         U apbs_Play
         U apbs_Setup
         U apbs_Stop
         U aud_CodecGalliteCalibUpdateValues
         U aud_CodecGalliteSetup
         U aud_CodecGalliteStreamPause
         U aud_CodecGalliteStreamRecord
         U aud_CodecGalliteStreamStart
         U aud_CodecGalliteStreamStop
         U aud_CodecGalliteTone
         U aud_CodecGalliteTonePause
         U aud_CodecWM8960CalibUpdateValues
         U aud_CodecWM8960Setup
         U aud_CodecWM8960StreamPause
         U aud_CodecWM8960StreamRecord
         U aud_CodecWM8960StreamStart
         U aud_CodecWM8960StreamStop
         U aud_CodecWM8960Tone
         U aud_CodecWM8960TonePause
         U aud_FmCalibUpdateValues
         U aud_FmSetup
         U aud_FmStreamPause
         U aud_FmStreamRecord
         U aud_FmStreamStart
         U aud_FmStreamStop
         U aud_FmTone
         U aud_FmTonePause
         U aud_LineinCalibUpdateValues
         U aud_LineinSetup
         U aud_LineinStreamPause
         U aud_LineinStreamRecord
         U aud_LineinStreamStart
         U aud_LineinStreamStop
         U aud_LineinTone
         U aud_LineinTonePause
         U aud_Setup
         U aud_StreamPause
         U bcpu_main_entry
         U bcpu_stack_base
         U boot_Sector_Nand
         U g_pSend_BT_notify
         U hal_AudOutputMuted
         U hal_GoudaGetTiming
         U hal_GoudaSetTiming
         U hal_UsbEpTransfertDone
         U musb_start
         U rda5868_uart_stop
         U rda_bt_rf_init
         U rda_bt_uart_init
         U rdabt_chip_sel
         U rdabt_send_data_ready
         U rdabt_send_notify_flash
         U rfd_XcvRegForceRead
         U rfd_XcvRegForceWrite
         U sxr_GetHeapEnd
         U sxs_BackTrace
         U tgt_GetUctlsConfig
00000000 a ../../../gcc-4.4.2/libgcc/../gcc/config/fp-bit.h
00000000 a ../../../gcc-4.4.2/libgcc/../gcc/libgcc2.c
00000000 a ../../../gcc-4.4.2/libgcc/../gcc/libgcc2.c
00000000 a ../../../gcc-4.4.2/libgcc/../gcc/libgcc2.c
00000000 a ../../../gcc-4.4.2/libgcc/../gcc/libgcc2.c
00000000 a ../../../gcc-4.4.2/libgcc/../gcc/libgcc2.c
00000000 a ../../../gcc-4.4.2/libgcc/../gcc/libgcc2.h
00000000 a ../.././gcc/dp-bit.c
00000000 a ../.././gcc/dp-bit.c
00000000 a ../.././gcc/dp-bit.c
00000000 a ../.././gcc/dp-bit.c
00000000 a ../.././gcc/dp-bit.c
00000000 a ../.././gcc/dp-bit.c
00000000 a ../.././gcc/dp-bit.c
00000000 a ../.././gcc/dp-bit.c
00000000 a ../.././gcc/dp-bit.c
00000000 a ../.././gcc/fp-bit.c
00000000 a ../.././gcc/fp-bit.c
00000000 a ../.././gcc/fp-bit.c
00000000 a ../.././gcc/fp-bit.c
00000000 a ../.././gcc/fp-bit.c
00000000 a ../.././gcc/fp-bit.c
00000000 a ../.././gcc/fp-bit.c
00000000 a ../.././gcc/fp-bit.c
00000000 a ../.././gcc/fp-bit.c
00000000 a ./include/mbed/DirHandle.h
00000000 a ./include/usb/USBHAL.h
00000000 n .comment
00000000 N .debug_abbrev
00000000 N .debug_aranges
00000000 N .debug_frame
00000000 N .debug_info
00000000 N .debug_line
00000000 N .debug_loc
00000000 N .debug_pubnames
00000000 N .debug_str
00000000 a 0.ExtIO/ExtIO.cpp
00000000 a 0.libc/cxa_atexit.cpp
00000000 a 0.libc/sprintf.cpp
00000000 a 0.libc/strings.cpp
00000000 a 1.init/crt0.cpp
00000000 a 1.init/hal_debug_serial.cpp
00000000 a 1.init/hal_init_clock.cpp
00000000 a 1.init/hal_init_cpu.cpp
00000000 a 1.init/hal_init_malloc.cpp
00000000 a 1.init/start_main.cpp
00000000 a 2.sys/crc/crc32_1.cpp
00000000 a 2.sys/hal_cpu.cpp
00000000 a 2.sys/hal_isp.cpp
00000000 a 2.sys/hal_ms_ticker.cpp
00000000 a 2.sys/hal_reg.cpp
00000000 a 2.sys/hal_us_ticker.cpp
00000000 a 2.sys/hal_us_timeout_event.cpp
00000000 a 2.sys/mem/malloc.cpp
00000000 a 2.sys/mem/mem_region.cpp
00000000 a 2.sys/mem/mem_usage.cpp
00000000 a 2.sys/mem/new_delete.cpp
00000000 a 2.sys/reg/reg.cpp
00000000 a 2.sys/sleep/sleep.cpp
00000000 a 2.sys/sys_timer/ms_ticker.cpp
00000000 a 2.sys/sys_timer/us_ticker.cpp
00000000 a 2.sys/sys_timer/us_timeout_event.cpp
00000000 a 3.rtos/hal_rtos_wraper.cpp
00000000 a 3.rtos/os_info.cpp
00000000 a 3.rtos/rtos_class/Thread.cpp
00000000 a 3.rtos/rtos_wrapper.cpp
00000000 a 4.mbed/Fifo.cpp
00000000 a 4.mbed/FileBase.cpp
00000000 a 4.mbed/FilePath.cpp
00000000 a 4.mbed/FunctionPointer.cpp
00000000 a 4.mbed/Ticker.cpp
00000000 a 4.mbed/Timer.cpp
00000000 a 4.mbed/Timer.cpp
00000000 a 4.mbed/file_io_retarget.cpp
00000000 a 4.mbed/mbed_retarget.cpp
00000000 a 4.mbed/ms_ticker.cpp
00000000 a 4.peripherals/DigitalIn.cpp
00000000 a 4.peripherals/DigitalOut.cpp
00000000 a 4.peripherals/I2C.cpp
00000000 a 4.peripherals/InterruptIn.cpp
00000000 a 4.peripherals/PwmOut.cpp
00000000 a 4.peripherals/RawSerialRxDma.cpp
00000000 a 4.peripherals/SPI.cpp
00000000 a 5856sdk/TaskInit.c
00000000 a 5856sdk/bal_init.c
00000000 a 5856sdk/bal_tasks.c
00000000 a 5856sdk/boot_loader.c
00000000 a 5856sdk/hal_ana_gpadc.c
00000000 a 5856sdk/hal_lps.c
00000000 a 5856sdk/hal_open.c
00000000 a 5856sdk/hal_usb_mgc.c
00000000 a 5856sdk/pmd_charger.c
00000000 a 5856sdk/sap_main.c
00000000 a 5856sdk/umss_service.c
00000000 a E:/YANGCHUNDONG/mcu_build/mcu_build/mcu_build_SDK/Targets/RDA5856/libHAL_STD/5856/platform/chip/5856/boot/../../comn/boot/src/boot_sector.c
00000000 a E:/YANGCHUNDONG/mcu_build/mcu_build/mcu_build_SDK/Targets/RDA5856/libHAL_STD/5856/platform/chip/5856/boot/src/boot_ispi.c
00000000 a E:/YANGCHUNDONG/mcu_build/mcu_build/mcu_build_SDK/Targets/RDA5856/libHAL_STD/5856/platform/chip/5856/boot/src/boot_rom_if.c
00000000 a E:/YANGCHUNDONG/mcu_build/mcu_build/mcu_build_SDK/Targets/RDA5856/libHAL_STD/5856/platform/chip/5856/boot/src/boot_sector_chip.c
00000000 a E:/YANGCHUNDONG/mcu_build/mcu_build/mcu_build_SDK/Targets/RDA5856/libHAL_STD/5856/platform/chip/5856/hal/../../comn/hal/src/hal_aif.c
00000000 a E:/YANGCHUNDONG/mcu_build/mcu_build/mcu_build_SDK/Targets/RDA5856/libHAL_STD/5856/platform/chip/5856/hal/../../comn/hal/src/hal_assert.c
00000000 a E:/YANGCHUNDONG/mcu_build/mcu_build/mcu_build_SDK/Targets/RDA5856/libHAL_STD/5856/platform/chip/5856/hal/../../comn/hal/src/hal_boot_sector_driver.c
00000000 a E:/YANGCHUNDONG/mcu_build/mcu_build/mcu_build_SDK/Targets/RDA5856/libHAL_STD/5856/platform/chip/5856/hal/../../comn/hal/src/hal_bt.c
00000000 a E:/YANGCHUNDONG/mcu_build/mcu_build/mcu_build_SDK/Targets/RDA5856/libHAL_STD/5856/platform/chip/5856/hal/../../comn/hal/src/hal_calendar.c
00000000 a E:/YANGCHUNDONG/mcu_build/mcu_build/mcu_build_SDK/Targets/RDA5856/libHAL_STD/5856/platform/chip/5856/hal/../../comn/hal/src/hal_debug.c
00000000 a E:/YANGCHUNDONG/mcu_build/mcu_build/mcu_build_SDK/Targets/RDA5856/libHAL_STD/5856/platform/chip/5856/hal/../../comn/hal/src/hal_dma.c
00000000 a E:/YANGCHUNDONG/mcu_build/mcu_build/mcu_build_SDK/Targets/RDA5856/libHAL_STD/5856/platform/chip/5856/hal/../../comn/hal/src/hal_ebc.c
00000000 a E:/YANGCHUNDONG/mcu_build/mcu_build/mcu_build_SDK/Targets/RDA5856/libHAL_STD/5856/platform/chip/5856/hal/../../comn/hal/src/hal_flash.c
00000000 a E:/YANGCHUNDONG/mcu_build/mcu_build/mcu_build_SDK/Targets/RDA5856/libHAL_STD/5856/platform/chip/5856/hal/../../comn/hal/src/hal_gdb_stub.c
00000000 a E:/YANGCHUNDONG/mcu_build/mcu_build/mcu_build_SDK/Targets/RDA5856/libHAL_STD/5856/platform/chip/5856/hal/../../comn/hal/src/hal_host.c
00000000 a E:/YANGCHUNDONG/mcu_build/mcu_build/mcu_build_SDK/Targets/RDA5856/libHAL_STD/5856/platform/chip/5856/hal/../../comn/hal/src/hal_host_ram.c
00000000 a E:/YANGCHUNDONG/mcu_build/mcu_build/mcu_build_SDK/Targets/RDA5856/libHAL_STD/5856/platform/chip/5856/hal/../../comn/hal/src/hal_i2c.c
00000000 a E:/YANGCHUNDONG/mcu_build/mcu_build/mcu_build_SDK/Targets/RDA5856/libHAL_STD/5856/platform/chip/5856/hal/../../comn/hal/src/hal_irq.c
00000000 a E:/YANGCHUNDONG/mcu_build/mcu_build/mcu_build_SDK/Targets/RDA5856/libHAL_STD/5856/platform/chip/5856/hal/../../comn/hal/src/hal_ispi.c
00000000 a E:/YANGCHUNDONG/mcu_build/mcu_build/mcu_build_SDK/Targets/RDA5856/libHAL_STD/5856/platform/chip/5856/hal/../../comn/hal/src/hal_map.c
00000000 a E:/YANGCHUNDONG/mcu_build/mcu_build/mcu_build_SDK/Targets/RDA5856/libHAL_STD/5856/platform/chip/5856/hal/../../comn/hal/src/hal_map_engine.c
00000000 a E:/YANGCHUNDONG/mcu_build/mcu_build/mcu_build_SDK/Targets/RDA5856/libHAL_STD/5856/platform/chip/5856/hal/../../comn/hal/src/hal_musb_core.c
00000000 a E:/YANGCHUNDONG/mcu_build/mcu_build/mcu_build_SDK/Targets/RDA5856/libHAL_STD/5856/platform/chip/5856/hal/../../comn/hal/src/hal_musb_dma.c
00000000 a E:/YANGCHUNDONG/mcu_build/mcu_build/mcu_build_SDK/Targets/RDA5856/libHAL_STD/5856/platform/chip/5856/hal/../../comn/hal/src/hal_page_spy.c
00000000 a E:/YANGCHUNDONG/mcu_build/mcu_build/mcu_build_SDK/Targets/RDA5856/libHAL_STD/5856/platform/chip/5856/hal/../../comn/hal/src/hal_profile.c
00000000 a E:/YANGCHUNDONG/mcu_build/mcu_build/mcu_build_SDK/Targets/RDA5856/libHAL_STD/5856/platform/chip/5856/hal/../../comn/hal/src/hal_pwm.c
00000000 a E:/YANGCHUNDONG/mcu_build/mcu_build/mcu_build_SDK/Targets/RDA5856/libHAL_STD/5856/platform/chip/5856/hal/../../comn/hal/src/hal_rfspi.c
00000000 a E:/YANGCHUNDONG/mcu_build/mcu_build/mcu_build_SDK/Targets/RDA5856/libHAL_STD/5856/platform/chip/5856/hal/../../comn/hal/src/hal_spi.c
00000000 a E:/YANGCHUNDONG/mcu_build/mcu_build/mcu_build_SDK/Targets/RDA5856/libHAL_STD/5856/platform/chip/5856/hal/../../comn/hal/src/hal_spi_flash.c
00000000 a E:/YANGCHUNDONG/mcu_build/mcu_build/mcu_build_SDK/Targets/RDA5856/libHAL_STD/5856/platform/chip/5856/hal/../../comn/hal/src/hal_sys_ifc.c
00000000 a E:/YANGCHUNDONG/mcu_build/mcu_build/mcu_build_SDK/Targets/RDA5856/libHAL_STD/5856/platform/chip/5856/hal/../../comn/hal/src/hal_tcu.c
00000000 a E:/YANGCHUNDONG/mcu_build/mcu_build/mcu_build_SDK/Targets/RDA5856/libHAL_STD/5856/platform/chip/5856/hal/../../comn/hal/src/hal_timer.c
00000000 a E:/YANGCHUNDONG/mcu_build/mcu_build/mcu_build_SDK/Targets/RDA5856/libHAL_STD/5856/platform/chip/5856/hal/../../comn/hal/src/hal_trace.c
00000000 a E:/YANGCHUNDONG/mcu_build/mcu_build/mcu_build_SDK/Targets/RDA5856/libHAL_STD/5856/platform/chip/5856/hal/../../comn/hal/src/hal_uart.c
00000000 a E:/YANGCHUNDONG/mcu_build/mcu_build/mcu_build_SDK/Targets/RDA5856/libHAL_STD/5856/platform/chip/5856/hal/../../comn/hal/src/hal_usbhost_mgc.c
00000000 a E:/YANGCHUNDONG/mcu_build/mcu_build/mcu_build_SDK/Targets/RDA5856/libHAL_STD/5856/platform/chip/5856/hal/../../comn/hal/src/hal_voc.c
00000000 a E:/YANGCHUNDONG/mcu_build/mcu_build/mcu_build_SDK/Targets/RDA5856/libHAL_STD/5856/platform/chip/5856/hal/src/hal_abb_config.c
00000000 a E:/YANGCHUNDONG/mcu_build/mcu_build/mcu_build_SDK/Targets/RDA5856/libHAL_STD/5856/platform/chip/5856/hal/src/hal_config.c
00000000 a E:/YANGCHUNDONG/mcu_build/mcu_build/mcu_build_SDK/Targets/RDA5856/libHAL_STD/5856/platform/chip/5856/hal/src/hal_gpio.c
00000000 a E:/YANGCHUNDONG/mcu_build/mcu_build/mcu_build_SDK/Targets/RDA5856/libHAL_STD/5856/platform/chip/5856/hal/src/hal_rda_abb.c
00000000 a E:/YANGCHUNDONG/mcu_build/mcu_build/mcu_build_SDK/Targets/RDA5856/libHAL_STD/5856/platform/chip/5856/hal/src/hal_rda_audio.c
00000000 a E:/YANGCHUNDONG/mcu_build/mcu_build/mcu_build_SDK/Targets/RDA5856/libHAL_STD/5856/platform/chip/5856/hal/src/hal_sys.c
00000000 a E:/YANGCHUNDONG/mcu_build/mcu_build/mcu_build_SDK/Targets/RDA5856/libHAL_STD/5856/platform/edrv/btd/bttask/src/bttask_btcpu.c
00000000 a E:/YANGCHUNDONG/mcu_build/mcu_build/mcu_build_SDK/Targets/RDA5856/libHAL_STD/5856/platform/edrv/btd/bttask/src/bttask_combined_xcpu.c
00000000 a E:/YANGCHUNDONG/mcu_build/mcu_build/mcu_build_SDK/Targets/RDA5856/libHAL_STD/5856/platform/edrv/btd/bttask/src/bttask_message.c
00000000 a E:/YANGCHUNDONG/mcu_build/mcu_build/mcu_build_SDK/Targets/RDA5856/libHAL_STD/5856/platform/edrv/btd/hcit/src/rdabt_hcit_uart.c
00000000 a E:/YANGCHUNDONG/mcu_build/mcu_build/mcu_build_SDK/Targets/RDA5856/libHAL_STD/5856/platform/edrv/btd/hcit/src/rdabt_sharemem.c
00000000 a E:/YANGCHUNDONG/mcu_build/mcu_build/mcu_build_SDK/Targets/RDA5856/libHAL_STD/5856/platform/edrv/btd/hcit/src/rdabt_uart.c
00000000 a E:/YANGCHUNDONG/mcu_build/mcu_build/mcu_build_SDK/Targets/RDA5856/libHAL_STD/5856/platform/edrv/btd/hcit/src/rdabt_uart_drv.c
00000000 a E:/YANGCHUNDONG/mcu_build/mcu_build/mcu_build_SDK/Targets/RDA5856/libHAL_STD/5856/platform/edrv/btd/rdaDriver/src/rdabt_5856_init.c
00000000 a E:/YANGCHUNDONG/mcu_build/mcu_build/mcu_build_SDK/Targets/RDA5856/libHAL_STD/5856/platform/edrv/btd/rdaDriver/src/rdabt_poweron.c
00000000 a E:/YANGCHUNDONG/mcu_build/mcu_build/mcu_build_SDK/Targets/RDA5856/libHAL_STD/5856/platform/edrv/btd/rdaDriver/src/rdabt_test.c
00000000 a E:/YANGCHUNDONG/mcu_build/mcu_build/mcu_build_SDK/Targets/RDA5856/libHAL_STD/5856/platform/edrv/btd/src/btd_map.c
00000000 a E:/YANGCHUNDONG/mcu_build/mcu_build/mcu_build_SDK/Targets/RDA5856/libHAL_STD/5856/platform/edrv/gpio/gpio_5856/src/gpio_detect.c
00000000 a E:/YANGCHUNDONG/mcu_build/mcu_build/mcu_build_SDK/Targets/RDA5856/libHAL_STD/5856/platform/edrv/gpio/gpio_5856/src/gpio_edrv.c
00000000 a E:/YANGCHUNDONG/mcu_build/mcu_build/mcu_build_SDK/Targets/RDA5856/libHAL_STD/5856/platform/edrv/gpio/gpio_5856/src/gpio_key.c
00000000 a E:/YANGCHUNDONG/mcu_build/mcu_build/mcu_build_SDK/Targets/RDA5856/libHAL_STD/5856/platform/edrv/gpio/gpio_5856/src/gpio_leds.c
00000000 a E:/YANGCHUNDONG/mcu_build/mcu_build/mcu_build_SDK/Targets/RDA5856/libHAL_STD/5856/platform/edrv/memd/flsh_spi8m/src/drv_flsh.c
00000000 a E:/YANGCHUNDONG/mcu_build/mcu_build/mcu_build_SDK/Targets/RDA5856/libHAL_STD/5856/platform/edrv/memd/flsh_spi8m/src/drv_flsh_map.c
00000000 a E:/YANGCHUNDONG/mcu_build/mcu_build/mcu_build_SDK/Targets/RDA5856/libHAL_STD/5856/platform/edrv/memd/src/memd_map.c
00000000 a E:/YANGCHUNDONG/mcu_build/mcu_build/mcu_build_SDK/Targets/RDA5856/libHAL_STD/5856/platform/edrv/memd/src/memd_switch_mode.c
00000000 a E:/YANGCHUNDONG/mcu_build/mcu_build/mcu_build_SDK/Targets/RDA5856/libHAL_STD/5856/platform/edrv/pmd/pmu_5856/src/pmd.c
00000000 a E:/YANGCHUNDONG/mcu_build/mcu_build/mcu_build_SDK/Targets/RDA5856/libHAL_STD/5856/platform/edrv/pmd/src/pmd_map.c
00000000 a E:/YANGCHUNDONG/mcu_build/mcu_build/mcu_build_SDK/Targets/RDA5856/libHAL_STD/5856/platform/edrv/rfd/xcv_5856/src/drv_xcv.c
00000000 a E:/YANGCHUNDONG/mcu_build/mcu_build/mcu_build_SDK/Targets/RDA5856/libHAL_STD/5856/platform/edrv/rfd/xcv_5856/src/drv_xcv_init.c
00000000 a E:/YANGCHUNDONG/mcu_build/mcu_build/mcu_build_SDK/Targets/RDA5856/libHAL_STD/5856/platform/rtos/std/src/assert.c
00000000 a E:/YANGCHUNDONG/mcu_build/mcu_build/mcu_build_SDK/Targets/RDA5856/libHAL_STD/5856/platform/rtos/sx/src/sx_map.c
00000000 a E:/YANGCHUNDONG/mcu_build/mcu_build/mcu_build_SDK/Targets/RDA5856/libHAL_STD/5856/platform/rtos/sx/src/sxr_jbsd.c
00000000 a E:/YANGCHUNDONG/mcu_build/mcu_build/mcu_build_SDK/Targets/RDA5856/libHAL_STD/5856/platform/rtos/sx/src/sxr_mem.c
00000000 a E:/YANGCHUNDONG/mcu_build/mcu_build/mcu_build_SDK/Targets/RDA5856/libHAL_STD/5856/platform/rtos/sx/src/sxr_sbx.c
00000000 a E:/YANGCHUNDONG/mcu_build/mcu_build/mcu_build_SDK/Targets/RDA5856/libHAL_STD/5856/platform/rtos/sx/src/sxr_tim.c
00000000 a E:/YANGCHUNDONG/mcu_build/mcu_build/mcu_build_SDK/Targets/RDA5856/libHAL_STD/5856/platform/rtos/sx/src/sxr_tksd.c
00000000 a E:/YANGCHUNDONG/mcu_build/mcu_build/mcu_build_SDK/Targets/RDA5856/libHAL_STD/5856/platform/rtos/sx/src/sxs_io.c
00000000 a E:/YANGCHUNDONG/mcu_build/mcu_build/mcu_build_SDK/Targets/RDA5856/libHAL_STD/5856/platform/rtos/sx/src/sxs_jbsd.c
00000000 a E:/YANGCHUNDONG/mcu_build/mcu_build/mcu_build_SDK/Targets/RDA5856/libHAL_STD/5856/platform/rtos/sx/src/sxs_mutx.c
00000000 a E:/YANGCHUNDONG/mcu_build/mcu_build/mcu_build_SDK/Targets/RDA5856/libHAL_STD/5856/platform/rtos/sx/src/sxs_rmc.c
00000000 a E:/YANGCHUNDONG/mcu_build/mcu_build/mcu_build_SDK/Targets/RDA5856/libHAL_STD/5856/platform/rtos/sx/src/sxs_rmt.c
00000000 a E:/YANGCHUNDONG/mcu_build/mcu_build/mcu_build_SDK/Targets/RDA5856/libHAL_STD/5856/platform/rtos/sx/src/sxs_sbx.c
00000000 a E:/YANGCHUNDONG/mcu_build/mcu_build/mcu_build_SDK/Targets/RDA5856/libHAL_STD/5856/platform/rtos/sx/src/sxs_spy.c
00000000 a E:/YANGCHUNDONG/mcu_build/mcu_build/mcu_build_SDK/Targets/RDA5856/libHAL_STD/5856/platform/rtos/sx/src/sxs_srl.c
00000000 a E:/YANGCHUNDONG/mcu_build/mcu_build/mcu_build_SDK/Targets/RDA5856/libHAL_STD/5856/platform/rtos/sx/src/sxs_tim.c
00000000 a E:/YANGCHUNDONG/mcu_build/mcu_build/mcu_build_SDK/Targets/RDA5856/libHAL_STD/5856/platform/rtos/sx/src/sxs_tksd.c
00000000 a E:/YANGCHUNDONG/mcu_build/mcu_build/mcu_build_SDK/Targets/RDA5856/libHAL_STD/5856/platform/service/base/bal/src/Aud_main.c
00000000 a E:/YANGCHUNDONG/mcu_build/mcu_build/mcu_build_SDK/Targets/RDA5856/libHAL_STD/5856/platform/service/base/bal/src/MultimediaTask.c
00000000 a E:/YANGCHUNDONG/mcu_build/mcu_build/mcu_build_SDK/Targets/RDA5856/libHAL_STD/5856/platform/service/base/bal/src/TaskInit.c
00000000 a E:/YANGCHUNDONG/mcu_build/mcu_build/mcu_build_SDK/Targets/RDA5856/libHAL_STD/5856/platform/service/base/bal/src/bal_resource.c
00000000 a E:/YANGCHUNDONG/mcu_build/mcu_build/mcu_build_SDK/Targets/RDA5856/libHAL_STD/5856/platform/service/base/bal/src/device.c
00000000 a E:/YANGCHUNDONG/mcu_build/mcu_build/mcu_build_SDK/Targets/RDA5856/libHAL_STD/5856/platform/service/base/cos/src/cos_mem.c
00000000 a E:/YANGCHUNDONG/mcu_build/mcu_build/mcu_build_SDK/Targets/RDA5856/libHAL_STD/5856/platform/service/base/cos/src/cos_task.c
00000000 a E:/YANGCHUNDONG/mcu_build/mcu_build/mcu_build_SDK/Targets/RDA5856/libHAL_STD/5856/platform/service/base/cos/src/cos_task_sxr.c
00000000 a E:/YANGCHUNDONG/mcu_build/mcu_build/mcu_build_SDK/Targets/RDA5856/libHAL_STD/5856/platform/service/base/cos/src/cos_timer.c
00000000 a E:/YANGCHUNDONG/mcu_build/mcu_build/mcu_build_SDK/Targets/RDA5856/libHAL_STD/5856/platform/service/base/ml/src/ml.c
00000000 a E:/YANGCHUNDONG/mcu_build/mcu_build/mcu_build_SDK/Targets/RDA5856/libHAL_STD/5856/platform/service/base/ml/src/ml_iso8859_1.c
00000000 a E:/YANGCHUNDONG/mcu_build/mcu_build/mcu_build_SDK/Targets/RDA5856/libHAL_STD/5856/platform/service/base/sul/src/sul_sms.c
00000000 a E:/YANGCHUNDONG/mcu_build/mcu_build/mcu_build_SDK/Targets/RDA5856/libHAL_STD/5856/platform/service/base/sul/src/sul_string.c
00000000 a E:/YANGCHUNDONG/mcu_build/mcu_build/mcu_build_SDK/Targets/RDA5856/libHAL_STD/5856/platform/service/base/ver/src/csw_ver.c
00000000 a E:/YANGCHUNDONG/mcu_build/mcu_build/mcu_build_SDK/Targets/RDA5856/libHAL_STD/5856/platform/service/dm/src/dm_tone.c
00000000 a E:/YANGCHUNDONG/mcu_build/mcu_build/mcu_build_SDK/Targets/RDA5856/libHAL_STD/5856/platform/service/dsm/src/dsm_dev_driver.c
00000000 a E:/YANGCHUNDONG/mcu_build/mcu_build/mcu_build_SDK/Targets/RDA5856/libHAL_STD/5856/platform/service/usbdevice/src/uctls_descriptor.c
00000000 a E:/YANGCHUNDONG/mcu_build/mcu_build/mcu_build_SDK/Targets/RDA5856/libHAL_STD/5856/platform/service/usbdevice/src/uctls_fnc.c
00000000 a E:/YANGCHUNDONG/mcu_build/mcu_build/mcu_build_SDK/Targets/RDA5856/libHAL_STD/5856/target/src/target_config.c
00000000 a E:\YANGCHUNDONG\mcu_build\mcu_build\mcu_build_SDK\MakeTool\..\Library/libMBED/include/usb/USBHAL.h
00000000 a E:\YANGCHUNDONG\mcu_build\mcu_build\mcu_build_SDK\MakeTool\..\Library/libMBED/include/usb/USBHAL.h
00000000 a E:\YANGCHUNDONG\mcu_build\mcu_build\mcu_build_SDK\MakeTool\..\Library/libMBED/include/usb/USBHAL.h
00000000 A _bcpu_ram_heap_size
00000000 A _bcpu_sram_bss_size
00000000 A _board_config_size
00000000 A _calib_size
00000000 A _factory_size
00000000 A _heap_size
00000000 A _user_data_size
00000000 a ap_src/ap_service_task.c
00000000 a att.c
00000000 a att_server.c
00000000 a avdtp_callbacks.c
00000000 a avdtp_core.c
00000000 a avdtp_handle_req.c
00000000 a avdtp_handle_res.c
00000000 a avdtp_send_req.c
00000000 a avdtp_send_res.c
00000000 a avrcp_callbacks.c
00000000 a avrcp_core.c
00000000 a c_start_main.cpp
00000000 a core/bt/bt_addr_sync.c
00000000 a core/bt/bt_codec.c
00000000 a core/bt/bt_dl.c
00000000 a core/bt/bt_init.c
00000000 a core/bt/bt_mini_sched.c
00000000 a core/bt/bt_test.c
00000000 a core/bt/bt_timer.c
00000000 a core/hc/hc_cmd_disp.c
00000000 a core/hc/hc_event_gen.c
00000000 a core/hc/hc_flow_control.c
00000000 a core/hw/hw_delay.c
00000000 a core/hw/hw_lc.c
00000000 a core/lc/dl/dl_dev_impl.c
00000000 a core/lc/lc_interface.c
00000000 a core/lc/lelc/lelc_access.c
00000000 a core/lc/lelc/lelc_advert.c
00000000 a core/lc/lelc/lelc_assmnt.c
00000000 a core/lc/lelc/lelc_chan.c
00000000 a core/lc/lelc/lelc_conn.c
00000000 a core/lc/lelc/lelc_dl.c
00000000 a core/lc/lelc/lelc_freq.c
00000000 a core/lc/lelc/lelc_initiating.c
00000000 a core/lc/lelc/lelc_scan.c
00000000 a core/lc/lelc/lelc_sleep.c
00000000 a core/lc/lslc/lslc_access.c
00000000 a core/lc/lslc/lslc_afh.c
00000000 a core/lc/lslc/lslc_assmnt.c
00000000 a core/lc/lslc/lslc_class.c
00000000 a core/lc/lslc/lslc_clk.c
00000000 a core/lc/lslc/lslc_freq.c
00000000 a core/lc/lslc/lslc_hop.c
00000000 a core/lc/lslc/lslc_irq.c
00000000 a core/lc/lslc/lslc_pkt.c
00000000 a core/lc/lslc/lslc_slot.c
00000000 a core/lc/lslc/lslc_stat.c
00000000 a core/lc/uslc/uslc_chan_ctrl.c
00000000 a core/lc/uslc/uslc_inquiry.c
00000000 a core/lc/uslc/uslc_inquiryscan.c
00000000 a core/lc/uslc/uslc_master_slave_switch.c
00000000 a core/lc/uslc/uslc_page.c
00000000 a core/lc/uslc/uslc_pagescan.c
00000000 a core/lc/uslc/uslc_return_to_piconet.c
00000000 a core/lc/uslc/uslc_scheduler.c
00000000 a core/lc/uslc/uslc_sleep.c
00000000 a core/lc/uslc/uslc_switch_piconet.c
00000000 a core/lc/uslc/uslc_testmode.c
00000000 a core/ll/ll_ch.c
00000000 a core/ll/ll_cmd_disp.c
00000000 a core/ll/ll_link.c
00000000 a core/ll/ll_link_control.c
00000000 a core/ll/ll_sec.c
00000000 a core/ll/ll_utils.c
00000000 a core/lmp/lmp_acl_connection.c
00000000 a core/lmp/lmp_acl_container.c
00000000 a core/lmp/lmp_afh.c
00000000 a core/lmp/lmp_ch.c
00000000 a core/lmp/lmp_cmd_disp.c
00000000 a core/lmp/lmp_con_filter.c
00000000 a core/lmp/lmp_config.c
00000000 a core/lmp/lmp_encode_pdu.c
00000000 a core/lmp/lmp_init.c
00000000 a core/lmp/lmp_inquiry.c
00000000 a core/lmp/lmp_link_control_protocol.c
00000000 a core/lmp/lmp_link_key_db.c
00000000 a core/lmp/lmp_link_policy.c
00000000 a core/lmp/lmp_link_policy_protocol.c
00000000 a core/lmp/lmp_link_power_control.c
00000000 a core/lmp/lmp_link_qos.c
00000000 a core/lmp/lmp_scan.c
00000000 a core/lmp/lmp_sco_container.c
00000000 a core/lmp/lmp_sec_core.c
00000000 a core/lmp/lmp_sec_engine.c
00000000 a core/lmp/lmp_sec_peer.c
00000000 a core/lmp/lmp_sec_upper.c
00000000 a core/lmp/lmp_timer.c
00000000 a core/lmp/lmp_utils.c
00000000 a core/sys/sys_config.c
00000000 a core/sys/sys_rand_num_gen.c
00000000 a core/tc/tc_cmd_disp.c
00000000 a core/tc/tc_event_gen.c
00000000 a core/tc/tc_interface.c
00000000 a core/transport/tra_combined.c
00000000 a core/transport/tra_hcit.c
00000000 a core/transport/tra_queue.c
00000000 a core/transport/tra_uart.c
00000000 a d:/update/bt/platform/service/bt/btadp/src/rdabt_a2dp.c
00000000 a d:/update/bt/platform/service/bt/btadp/src/rdabt_avrcp.c
00000000 a d:/update/bt/platform/service/bt/btadp/src/rdabt_common.c
00000000 a d:/update/bt/platform/service/bt/btadp/src/rdabt_gatt.c
00000000 a d:/update/bt/platform/service/bt/btadp/src/rdabt_hfp.c
00000000 a d:/update/bt/platform/service/bt/btadp/src/rdabt_manager.c
00000000 a d:/update/bt/platform/service/bt/btadp/src/rdabt_papi.c
00000000 a d:/update/bt/platform/service/bt/btadp/src/rdabt_spp.c
00000000 a gatt.c
00000000 a hal/common/sys/hw_memcpy_impl.c
00000000 a hal/common/sys/sys_hal_config.c
00000000 a hal/common/sys/sys_init.c
00000000 a hal/common/sys/sys_irq.c
00000000 a hal/common/sys/sys_main.c
00000000 a hal/common/sys/sys_power.c
00000000 a hal/hw/msc/hw_apb_spi.c
00000000 a hal/hw/msc/hw_codec.c
00000000 a hal/hw/msc/hw_i2c_driver.c
00000000 a hal/hw/msc/hw_spi_flash.c
00000000 a hal/hw/radio/siwave_siw015/hw_radio.c
00000000 a hci_bufalloc.c
00000000 a hci_callbacks.c
00000000 a hci_encoder.c
00000000 a hci_flow_ctrl.c
00000000 a hci_primitives.c
00000000 a hfp_ag.c
00000000 a hfp_at.c
00000000 a hfp_core.c
00000000 a hfp_hs.c
00000000 a host_buf.c
00000000 a host_ctrl.c
00000000 a host_ll.c
00000000 a host_mem.c
00000000 a host_msg.c
00000000 a host_timer.c
00000000 a l2_acl_link.c
00000000 a l2_bufalloc.c
00000000 a l2_channel.c
00000000 a l2_config_helper.c
00000000 a l2_config_sm.c
00000000 a l2_connect_sm.c
00000000 a l2_enc_dec.c
00000000 a l2_pkt_handler.c
00000000 a l2_psm.c
00000000 a l2_sar.c
00000000 a l2_utils.c
00000000 a l2cap_primitives.c
00000000 a link_nand_flash/hal_Link.cpp
00000000 a link_nand_flash/hal_wakeup.cpp
00000000 a link_nand_flash/link_nand_flash_req.cpp
00000000 a mgr_core.c
00000000 a mgr_devdb.c
00000000 a mgr_inqdb.c
00000000 a mgr_le_encryption.c
00000000 a mgr_le_link.c
00000000 a mgr_le_scandb.c
00000000 a mgr_link.c
00000000 a mgr_secdb.c
00000000 a mgr_utils.c
00000000 a rfcomm_bufalloc.c
00000000 a rfcomm_core.c
00000000 a rfcomm_credit.c
00000000 a rfcomm_ctrl_chan.c
00000000 a rfcomm_ctrl_frames.c
00000000 a rfcomm_dlc_state.c
00000000 a rfcomm_entity_core.c
00000000 a rfcomm_frames.c
00000000 a rfcomm_l2auto_state.c
00000000 a rfcomm_l2cap.c
00000000 a rfcomm_ue_api.c
00000000 a sdp_callbacks.c
00000000 a sdp_db.c
00000000 a sdp_le_common.c
00000000 a sdp_le_request_decoder.c
00000000 a sdp_le_request_encoder.c
00000000 a sdp_le_response_decoder.c
00000000 a sdp_le_response_encoder.c
00000000 a sdp_server.c
00000000 a sdp_state_machine.c
00000000 a sdp_ue.c
00000000 a spp.c
00000000 a stack_ent.c
00000000 a stack_ent_api.c
00000000 a zprn/frame.cpp
00000000 a zprn/isp.cpp
00000000 a zprn/isp_ext_cpu.cpp
00000000 a zprn/isp_ext_cpu5856.cpp
00000000 a zprn/lcd.cpp
00000000 a zprn/main.cpp
00000000 a zprn/power_onoff.cpp
00000010 A _sys_rom_data_ram_size
00000010 A _sys_sram_uncached_size
00000030 A _boot_ram_bss_size
00000080 A _sys_sram_irq_stackwatch_size
00000100 A _sys_sram_txt_size
00000210 A _dualport_bss_size
000003d0 A _sys_sram_data_size
000003e0 A _irq_sys_sram_size
000004d0 A _sys_sram_cached_size
000004e0 A _sys_sram_size
000004f0 A _boot_sys_sram_size
000004f0 A _boot_sys_sram_txt_size
00000780 A _ram_spi_reg_debug_uncached_size
00003180 A _sys_sram_bss_size
00003df0 A _dualport_heap_size
0000af8c A _sys_sram_heap_size
a1980000 A _bcpu_ram_heap_start
a1980000 A _bcpu_sys_sram_bss_end
a1980000 A _bcpu_sys_sram_bss_start
a1b00000 b .dualport_sram_ubss
a1b00000 A _dualport_bss_start
a1b00000 B g_rdabt_sharemem
a1b00208 B g_btcpu_wake_ind
a1b00210 A _dualport_bss_end
a1b00210 A _dualport_heap_start
a1c00000 b .hal_boot_sector_struct
a1c00000 b g_halBootSectorStruct
a1c000b8 A xcpu_error_code
a1c000bc A xcpu_error_status
a1c000c0 A xcpu_sp_context
a1c000c4 A sxr_IrqStack_pointer
a1c000c8 A g_bootResetCause
a1c000cc A g_bootBootMode
a1c000d0 A g_bootUartMonitorBrDetected
a1c000d4 A g_bootUartMonitorBaudRate
a1c00100 A _sys_rom_bss_start
a1c00100 A sxr_SemaInfo
a1c00104 A sxr_Sbx
a1c0011c A sxr_Task
a1c00128 A sxr_TEnv
a1c00130 A sxr_TCtx
a1c00134 A SXR_Nb_Max_Timer_Enveloppe
a1c00138 A sxs_FileCtx
a1c0013a A sxs_StdErr
a1c0013c A g_memdFlashBaseAddress
a1c00140 A RUN_Status
a1c00154 A NOT_SUSPEND
a1c00158 A g_memdFlashLayout
a1c00174 A g_halCfg
a1c00178 A g_pPrintf_ROM
a1c0017c A g_BootUsbVar
a1c00230 A g_pTgtSxCfg
a1c00240 A _sys_rom_bss_end
a1c00240 A _sys_rom_data_start
a1c00240 A g_halSysTcuRunningAt26M
a1c00244 A g_halSysCsAddress
a1c00248 A g_spiflash_pagesize
a1c0024c A g_dif_opcode_high_p_mode
a1c0024d A g_dif_opcode_write
a1c00250 A __int_rom_reserved_end
a1c00250 A _sys_rom_data_ram_end
a1c00270 b .boot_tflash_upgrade_struct_ptr
a1c00270 B g_tflashUpgradeStructPtr
a1c00274 b .boot_sector_reload_struct_ptr
a1c00274 B g_bootSectorReloadStructPtr
a1c00278 b .boot_sector_struct_ptr
a1c00278 B g_bootSectorStructPtr
a1c0027c b .fixptr
a1c0027c B g_halFixedPointer
a1c00280 t .irqsram
a1c00280 A _irq_sys_sram_start
a1c00280 T _sxr_Irq_handler
a1c00370 t _srx_irq_handler_end_dont_step_in_here
a1c003fc t _go_to_gdb
a1c00660 t .bootsramtext
a1c00660 A _boot_sys_sram_start
a1c00660 A _boot_sys_sram_txt_start
a1c00660 A _irq_sys_sram_end
a1c00660 T memd_FlashRst
a1c00664 T memd_FlashWakeup
a1c00668 t $LCFI11
a1c006b4 T memd_FlashSleep
a1c006b8 t $LCFI13
a1c006f0 T memd_FlashRead
a1c006f4 t $LCFI22
a1c0075c T get_flash_ID
a1c0075e t $LCFI34
a1c0079c T write_flash_status
a1c0079e t $LCFI87
a1c00820 T spi_flash_quard_ctrl
a1c00822 t $LCFI96
a1c008b4 T memd_FlashOpen
a1c008b6 t $LCFI100
a1c00a10 T hal_EbcConfigRemap
a1c00a1c T hal_EbcFlashWriteEnable
a1c00a30 T hal_EbcFlashWriteEnabled
a1c00a44 T hal_FlashCacheDebugOn
a1c00a50 T hal_SpiFlashInit
a1c00a52 t $LCFI5
a1c00ad4 T hal_FlashCacheIrqHandler
a1c00ad6 t $LCFI9
a1c00b20 d .bootsramdata
a1c00b20 A _boot_sys_sram_data_start
a1c00b20 D g_dif_opcode_suspend
a1c00b21 D g_dif_opcode_resume
a1c00b22 D g_dif_opcode_enable_QPI
a1c00b23 D g_dif_opcode_disable_QPI
a1c00b24 D g_dif_opcode_enable_RST
a1c00b25 D g_dif_opcode_execute_RST
a1c00b28 D g_memdFlashBankLayout
a1c00b44 d CSWTCH.2
a1c00b4c d g_halSysabbInitDone
a1c00b50 b .bootbss
a1c00b50 B FLASH_IN_DP
a1c00b50 A _boot_ram_bss_start
a1c00b50 A _boot_sys_sram_end
a1c00b50 A _boot_sys_sram_txt_end
a1c00b54 b p_flsh_config
a1c00b64 B g_spiflash_ID
a1c00b70 B g_halCs0WriteSetting
a1c00b80 t .sramtext
a1c00b80 A _boot_ram_bss_end
a1c00b80 A _sys_sram_cached_start
a1c00b80 A _sys_sram_start
a1c00b80 T _sys_sram_txt_start
a1c00b80 T hal_IrqDispatch
a1c00b82 t $LCFI0
a1c00c34 T _sxr_HMalloc
a1c00c36 t $LCFI10
a1c00c80 d .sramdata
a1c00c80 A _sys_sram_txt_end
a1c00c80 d g_halIspiProperties
a1c00c88 d g_spiCmdQueue
a1c00d94 d g_spiDataFifo
a1c00dfc d g_tcuRegistry
a1c00e04 d g_halTcuEvtPtr
a1c00e08 d g_pmdDcdcBuck
a1c00e0a d g_pmdMiscControlLp
a1c00e0c d g_pmdCalibSetting2
a1c00e0e d g_pmdMiscControlActive
a1c00e10 D XCV
a1c00e14 D g_xcvChipId
a1c00e18 D g_AfcOffset
a1c00e1c D g_afcDacVal
a1c00e1e D g_CdacDelta
a1c00e20 D g_lastSleepMode
a1c00e24 D g_RxPllFreqReg_05h
a1c00e28 D g_xcvCmdCtx
a1c00e34 D g_xcvCalibSetPaRamp
a1c00e38 D g_CDAC
a1c00e3c D g_xcvCalibPaRampValue
a1c00e44 D hal_GdbGBreak
a1c00e84 D spi2_dma_rx_ch
a1c00e85 D spi2_dma_tx_ch
a1c00e88 d g_HalUsbVar
a1c00f54 d g_halGpadcAtpConfig
a1c00f5c D g_pmdChargerState
a1c00f80 d g_pmdChargerControl
a1c00f82 d g_pmdChargerSetting1
a1c00f84 d g_pmdCalibSetting1
a1c00f86 d g_pmdChargerSetting2
a1c00f88 d g_pmdBgLpModeEn
a1c00f8c d _ZZ14osThreadCreatePKcPFvPKvEPv10osPriorityiE6mod_id
a1c00f90 V p_wait_ms
a1c00f94 D gUsbRegs
a1c00f98 D g_halSysSystemFreq
a1c00f9c D g_sxMapVersion
a1c00fac D g_sxMapAccess
a1c00fb8 D trace_pos
a1c00fbc D rdabt_p
a1c00fc0 D g_pmdChargerInIrqEnabled
a1c00fc2 d g_pmdGpadc2
a1c00fc4 d g_pmdLdoSettings
a1c00fc8 d g_pmdSpeakerPaSetting1
a1c00fca d g_pmdSpeakerPaSetting3
a1c00fcc d g_pmdThermalCalib
a1c00fce d g_pmdLdoProfileSetting3
a1c00fd0 d g_pmdLedSetting5
a1c00fd2 d g_pmdLedSetting2
a1c00fd4 d g_pmdBacklightOn
a1c00fd8 d g_pmdLdoProfileSetting2
a1c00fdc d g_pmdLdoProfileSetting1
a1c00fe0 d g_UctlsChargerStatus
a1c00fe4 D g_halMapVersion
a1c00ff4 D g_halMapAccess
a1c01050 d .sramucdata
a1c01050 A _sys_sram_cached_end
a1c01050 A _sys_sram_data_end
a1c01050 D _sys_sram_uncached_start
a1c01050 D g_halGdbEnabled
a1c01060 b .sramucbss
a1c01060 A _sys_sram_bss_start
a1c01060 A _sys_sram_uncached_end
a1c01060 B g_halLpsForceNoSleep
a1c01064 b g_HalUsbBufferEp0Out
a1c010a4 b g_HalUsbBufferEp0In
a1c011a4 B g_halEventMask
a1c011a8 B g_halIspiDebug
a1c011b0 B g_halGdbSwitchCtx
a1c011b4 B g_sxsDebugIdleHookEnable
a1c011b8 B g_sxExternalTraceEnable
a1c011bc B g_sxTraceLelvel
a1c011fc B sxs_trace_buf
a1c01280 b .srambss
a1c01280 B isPllOn
a1c01281 B isBTWakeup
a1c01284 B g_uRxPacketSize
a1c01288 B g_sys_timer_id_usb_detect
a1c01289 B g_usb_active_after_bt
a1c0128a B g_tflash_detect_flag
a1c0128b B g_linein_detect_flag
a1c0128c B g_umssBoInEp
a1c01290 B g_comval
a1c01294 B gSpiIrqHandler
a1c01298 B sxr_Mutex
a1c012a0 B sxs_PrcsRmtDataArray
a1c012a4 B sxs_Spy
a1c012ac B sxr_Job
a1c012b0 B ear_time_handle
a1c012b1 B linein_time_handle
a1c012b4 B g_gpio_config
a1c012b8 B key_status
a1c012c0 B error
a1c012c4 B g_pmdConfig
a1c012c8 B pUart2IrqHandler
a1c012cc B pUart1IrqHandler
a1c012d0 B pDebugUartIrqHandler
a1c012d4 B pSdmmcIrqHandler
a1c012d8 B g_pHeapTop
a1c012dc B g_pDevDescrip
a1c012e0 B p_Data_Header
a1c012e4 B g_spk_gain
a1c012e8 B extIo
a1c012ec b _ZL6serial
a1c012f0 B linkFrameHead
a1c012f4 B link_nand_flash_block_size
a1c012f8 B link_nand_flash_block_count
a1c012fc b _ZL9linkFrame
a1c01300 b _ZL18wakeup_initialized
a1c01304 b _ZL6wakeup
a1c01308 b _ZL10wakeup_irq
a1c0130c b _ZL6serial
a1c01310 b _ZL12debug_serial
a1c01314 B rst_oled
a1c0131c B rst_ext_cpu
a1c01324 B beeper
a1c013a8 B thread_isp
a1c013c8 B lcd
a1c017f4 B btnPower
a1c017fc B thread_poweroff
a1c0181c B usb
a1c01820 b _ZL4data
a1c02830 b _ZZ8isp_loopvE5count_0
a1c02834 b _ZZ8isp_loopvE5count
a1c02838 B _Unwind_Resume
a1c0283c b _ZL16block0_save_data
a1c0383c b _ZZL9memd_initvE6inited
a1c03840 b _ZL5erase
a1c03844 b _ZL4none
a1c03848 b _ZL8ExtiFptr
a1c03908 B uart_dma
a1c03920 B usb_started
a1c03924 B gUsbConnected
a1c03928 b _ZL5_this
a1c0392c b _ZL3vid
a1c0392e b _ZL3pid
a1c03930 B g_halLpsSleptBefore
a1c03931 B g_halSysLpsLock
a1c03934 B g_USB_DEVICE
a1c03938 B usb_poweron_det
a1c0393c B g_pfDisconnCb
a1c03940 b g_UsbMode
a1c03941 b Varvbuserr_retry
a1c03944 b workAsHost.5856
a1c03948 b g_halgpadcCalibLow
a1c0394c b g_halgpadcCalibHigh
a1c03950 b g_halGpadcCalibrated
a1c03954 b g_halGpadcSlope
a1c03958 b g_halGpadcIntcpt
a1c0395c B g_test_mode
a1c0395d B g_sys_sleep_flag
a1c0395e B g_usb_connected
a1c0395f b g_current_key
a1c03960 b g_key_timer
a1c03961 b s_key_hold_flag
a1c03962 b g_sys_timer_id
a1c03963 b g_pmdChargerChrVoltMonEnabled
a1c03964 b g_pmdChargingStage
a1c03968 b g_pmdChargerPluginAtPowerOn
a1c0396c b g_pmdBgLpModeRegistry
a1c03974 B onUsbRx
a1c03978 b g_umssBoOutEp
a1c0397c b g_UsbBulkOut
a1c03980 b g_UsbBulkIn
a1c03984 B g_sxsFsIdleHookFuncPtr
a1c03988 B g_sxsDebugIdleHookFuncPtr
a1c03998 B TEST_M
a1c0399c b service_handler_count
a1c039a0 b service_handler
a1c039c0 B sys_ifc_channel
a1c039c4 B reset_direct_start
a1c039c8 b _ZL24debug_serial_initialized
a1c039cc B usb_music_udiskready
a1c039d0 B os_info_thread
a1c039d4 B os_info_task_write
a1c039d8 B os_info_send_info
a1c039dc B FLASH_BASE_ADDR
a1c039e0 B FLASH_TOTAL_SIZE
a1c039e4 B FLASH_PAGE_SIZE
a1c039e8 B RAM_BASE_ADDR
a1c039ec B RAM_TOTAL_SIZE
a1c039f0 B CPU_NAME
a1c039f4 B CPU_CLOCK
a1c039f8 B CPU_CRYSTAL
a1c039fc B CPU_ID32
a1c03a00 B RegionArray
a1c03ac0 b _ZL16GlobalRegionSize
a1c03ac4 b _ZL17MemoryRegionCount
a1c03ac8 b _ZL11SLEEP_TIMER
a1c03acc B usb_os_info_task
a1c03ad0 B _ZN8FileBase5_headE
a1c03ad4 B g_halBtHostIrqHandler
a1c03ad8 B g_halBtStarted
a1c03ad9 B g_halBTSleep
a1c03adc B g_halGpioRegistry
a1c03b1c B g_halMapTable
a1c03bec b g_halAudEarpieceDetectionOn
a1c03bf0 b g_halAudUser
a1c03bf4 b g_halAudVMicValid
a1c03bf8 b g_halSysFreqHandlerRegistry
a1c03c88 b g_halModuleIfcChannelOwner
a1c03ca4 B irqTimTimersIrqHandler
a1c03ca8 b g_halTickRegistry
a1c03cac b g_halTickOverflow
a1c03cb0 b g_halTickLastPeriod
a1c03cb4 B count_MUSB_RXCOUNT
a1c03cb8 b gUsbHostInst
a1c03d8c b g_halErrorRegistry
a1c03d90 b hal_GdbGData
a1c03da0 b g_halGdbIsInGdbLoop
a1c03da4 b page_spy_enable
a1c03da8 b g_halVocState
a1c03dac b g_halVocRegistry
a1c03db0 b g_halAifHandlers
a1c03dc0 b g_halRtcRegistry
a1c03dc4 b g_halRtcAlarmRegistry
a1c03dc8 B g_halDmaRegistry
a1c03dcc b InitDone.2815
a1c03dcd b InitDone.2786
a1c03dce b InitDone.2903
a1c03dd0 B g_btdConfig
a1c03dd4 B rdabt_cntx
a1c03ddc b fifo_initialized.2987
a1c03de0 B rdabt_send_notify_pending
a1c03de4 B g_pmdIrqSettingLatest
a1c03de8 b g_pmdInitDone
a1c03de9 b g_pmdActivated
a1c03dea b g_tsdActivated
a1c03deb b g_pmdScreenAntiFlickerEnabled
a1c03dec b g_pmdHpDetectSettingLatest
a1c03df0 b g_pmdFmInLpModeEnabled
a1c03df1 b g_pmdAudExtPaExists
a1c03df4 b g_pmdDcdcVcoreValueActiveAry
a1c03df8 b g_pmdDcdcVcoreValueLp
a1c03dfc b g_pmdDcdcVcoreActRegistry
a1c03e04 b g_pmdDcdcVcoreActCurIndex
a1c03e08 b g_pmdLdoUserBitmap
a1c03e3c b g_pmdClk4mAvdd3EnRegistryLp
a1c03e44 b g_tsdConfig
a1c03e48 B g_UctlsStatus
a1c03e4c b g_UctlsDeviceDesc
a1c03e50 B gpResourceBase
a1c03e54 b g_hCosMmiTask
a1c03e58 b g_tskTaskList
a1c03f48 b cos_timers
a1c04038 B g_iDevDescripCount
a1c0403c B g_pDsmDevInfo
a1c04040 B g_iDsmDevCount
a1c04044 B g_hDevSem
a1c04048 B g_curModifyPos
a1c0404c b user_data_buff
a1c04050 b user_data_buff_backup
a1c04054 b user_data_update
a1c04058 b isCreated.5635
a1c0405c B key_enterInterrupt
a1c04060 B g_halLpsCtx
a1c04090 B gUsbSN
a1c040a0 B gUsbProductName
a1c040c0 B gUsbManufacture
a1c040e0 B gString1284ID
a1c04160 B g_halSysFreqScalRegistry
a1c04188 B g_halNumberOfUserPerFreq
a1c04194 B cos_mem_info
a1c041e0 b .backup
a1c041e0 A _sys_sram_bss_end
a1c041e0 b g_halSysStateShutdownFlag
a1c041f0 A _sys_sram_data_start
a1c041f0 A _sys_sram_end
a1c041f0 A _sys_sram_heap_start
a1c041f0 A _tflash_sram_bss_end
a1c041f0 A _tflash_sram_bss_start
a1c041f0 A _tflash_sys_sram_end
a1c09040 D _gp
a1c0f17c A _sys_sram_available_end
a1c0f17c A _sys_sram_irq_stackwatch_start
a1c0f1fc A _sys_sram_irq_stackwatch_end
a1c0fffc ? _sys_sram_non_romed_top
a1c0fffc A _sys_sram_top
a1e00000 A __int_rom_main
a1e00000 A __xcpu_start
a1e00000 A _int_rom_start
a1e00180 A _boot_IrqHandler
a1e002c0 A boot_HstMonitorX
a1e00320 A boot_DbgExlTrigFunction0
a1e004c0 A monitor_entry
a1e004c4 A initial_stack_top_var
a1e004c8 A boot_FlushCache
a1e004e8 A boot_DisableInterrupt
a1e00500 A mon_Event
a1e00538 A boot_HstCmdBasicHandler
a1e00598 A boot_HstMonitor
a1e00604 A boot_IspiOpen
a1e006e4 A boot_IspiSendData
a1e00740 A boot_IspiTxFifoAvail
a1e0075c A boot_IspiTxFinished
a1e00788 A boot_UsbIspiWrite
a1e007c4 A boot_UsbPHYEnable
a1e007ec A g_bootIspiRomedCfg
a1e00810 A boot_MonitorDoMonitoring
a1e00944 A boot_Monitor
a1e00a04 A hal_GetK1
a1e00a0c A boot_romCsString
a1e00a3c A musb_select_ep_rom
a1e00a50 A musb_write_fifo_rom
a1e00acc A musb_read_fifo_rom
a1e00b48 A boot_mgc_usb_highSpeed
a1e00bf0 A boot_UsbResetTransfert
a1e00c18 A boot_UsbCancelTransfert
a1e00f0c A boot_SetIOMux
a1e00f48 A boot_usbinitclockenable
a1e01000 A boot_UsbInitVar
a1e01028 A boot_musb_g_rx
a1e010ec A boot_musb_g_tx
a1e011a8 A boot_musb_start
a1e011ec A boot_UsbOpen
a1e01214 A boot_UsbEpStall
a1e01218 A boot_UsbRecv
a1e01260 A boot_UsbSend
a1e01310 A boot_UsbCompletedCommand
a1e01338 A boot_UsbEpEnableInterrupt
a1e01388 A boot_UsbEpRxTransferedSize
a1e0139c A boot_UsbEpTransfertDone
a1e013b8 A boot_UsbClose
a1e013ec A boot_UsbReset
a1e01414 A boot_UsbIrqHandler
a1e01c24 A boot_HostUsbDeviceCallback
a1e01c30 A boot_HostUsbClockEnable
a1e01c68 A boot_HostUsbClose
a1e01c78 A boot_HostUsbInit
a1e01cdc A boot_HostUsbOpen
a1e01d10 A boot_HostUsbSend
a1e01e6c A boot_HostUsbEvent
a1e0230c A boot_HostUsbRecv
a1e023d0 A boot_HostUsbInterface
a1e02450 A boot_IrqDispatch
a1e02480 A hal_TimDelay
a1e024a0 A sxr_TaskSwap
a1e02570 A sxr_Sleep
a1e025c4 A sxr_Wait
a1e026f0 A sxr_Send
a1e02834 A sxr_Tampax
a1e0298c A sxr_SetTimer
a1e02b74 A _sxr_StartFunctionTimer
a1e02ba4 A sxr_RmvFromSuspendedQueue
a1e02c08 A sxr_RunNextTask
a1e02cd4 A sxr_SuspendTask
a1e02d6c A sxr_WakeUpTask
a1e02ea4 A sxr_ResumeTask
a1e02ef8 A sxr_ChkSbx
a1e02f28 A sxr_CheckSbx
a1e03034 A memd_FlashWriteInProgress
a1e0307c A spi_flash_write
a1e03144 A memd_FlashWrite
a1e03278 A spi_flash_sector_erase_nosuspend
a1e032e0 A spi_flash_sector_erase
a1e032f4 A spi_flash_block_erase
a1e03370 A memd_FlashErase
a1e03440 A hal_FlashCacheOn
a1e03474 A hal_FlashCacheOff
a1e03490 A hal_SpiFlashDisableRead
a1e034b0 A hal_SpiFlashEnableRead
a1e034cc A hal_SpiFlashPushTxFifoData
a1e03514 A hal_SpiFlashGetRxData
a1e03544 A hal_SpiFlashClearFifoData
a1e0356c A hal_SpiFlashSendCmd
a1e035d8 A hal_TimGetUpTime
a1e035e4 A memcpy
a1e03764 A strlen
a1e03904 A vsnprintf
a1e03c9c A sprintf
a1e03cb8 A tgt_GetSxNbConfig
a1e03cc4 A memmove
a1e03dbc A __divsf3
a1e03e80 A __thenan_sf
a1e03e90 A __pack_f
a1e03f54 A __unpack_f
a1e03fd0 A _sys_rom_data_base
a1e03fe0 A _sys_rom_data_end
a1e03ffc A _int_rom_end
a2000000 ? .spi_reg_debug
a2000000 A _ram_spi_reg_debug_uncached_start
a2000000 ? _spi_reg_debug_start
a2000780 A _heap_start
a2000780 A _ram_available_base
a2000780 A _ram_bss_end
a2000780 A _ram_bss_start
a2000780 A _ram_spi_reg_debug_uncached_end
a80d0000 t .boot_code
a80d0000 T _boot_sector
a80d0000 A _flash_start
a80d0000 A _xcpu_flash_start
a80d0000 T boot_Sector
a80d0288 T boot_SectorFixRom
a80d028c T boot_SectorEnterBootMonitor
a80d0294 t $LCFI0
a80d02a8 T hal_HstSendEventNop
a80d02ac T hal_SysSetupNonePLL
a80d02b0 T hal_SysSetupPLL
a80d02f4 T hal_SysEnableClkOut
a80d0340 T hal_SysEnable8KSampleRate
a80d035c T hal_SysGetChipId
a80d038c T tgt_GetMemdFlashConfig
a80d0398 T tgt_GetMemdRamConfig
a80d03a4 T g_tgtMemdFlashCfg
a80d03ac T g_tgtMemdRamCfg
a80d03b4 T hal_EbcFlashOpen
a80d03c0 T hal_EbcCsSetup
a80d03c4 t $LCFI0
a80d04d4 T hal_EbcCsOpen
a80d04d6 t $LCFI7
a80d05c4 T hal_EbcSramOpen
a80d05c6 t $LCFI11
a80d0658 t hal_BootSectorValidateStruct
a80d0680 T hal_BootSectorSetEbcConfig
a80d0684 t $LCFI2
a80d06a0 T hal_BootSectorSetEbcFreq
a80d06b4 T hal_BootSectorSetEbcRamId
a80d06c0 T hal_BootSectorGetEbcRamId
a80d06d0 t .main_entry_section
a80d06d0 T _code_base
a80d06d0 W boot_loader_start
a80d06d2 t $LCFI0
a80d06ec T boot_LoaderEnter
a80d06f0 t $LCFI4
a80d0710 T boot_set_testmode
a80d071c T boot_Loader
a80d071e t $LCFI1
a80d0920 T _board_config_end
a80d0920 T _board_config_start
a80d0920 A _int_rom_flash_end_location
a80d0920 A _int_rom_flash_start_location
a80d0920 A _irq_sys_sram_flash_start_location
a80d0d00 A _boot_sys_sram_flash_start_location
a80d0d00 A _irq_sys_sram_flash_end_location
a80d11f0 A _boot_sys_sram_flash_end_location
a80d11f0 A _sys_sram_flash_start_location
a80d16d0 t .rotext
a80d16d0 A _fast_cpu_memory_overlay_flash_end_location
a80d16d0 A _rom_flash_start_location
a80d16d0 A _sys_sram_flash_end_location
a80d16d0 A _sys_sram_tflash_end_location
a80d16d0 A _sys_sram_tflash_start_location
a80d16d0 T hal_LpsDeepSleepWrapper
a80d1730 T hal_GdbFlushCache
a80d1748 T hal_GdbFlushCacheData
a80d1770 T sxr_TaskSetUp
a80d1798 T sxr_TaskFirst
a80d17dc T sxr_JobSetUp
a80d1808 T hal_SysGetSp
a80d1810 T __mulsf3
a80d190c T __gtsf2
a80d1950 T __ltsf2
a80d1994 T __fixsfsi
a80d19ec T __extendsfdf2
a80d1a18 T __floatunsisf
a80d1a80 T __muldf3
a80d1c38 T __fixdfsi
a80d1c9c T __make_dp
a80d1cbc T __lshrdi3
a80d1cf8 T __ashldi3
a80d1d34 T __ucmpdi2
a80d1d5c T __clzsi2
a80d1d98 T __fpcmp_parts_f
a80d1dfc T __pack_d
a80d1fa0 T __unpack_d
a80d204c T _ZN5ExtIO6updateEv
a80d204e t $LCFI0
a80d2074 T _Z13ext_io_out_b2i
a80d2076 t $LCFI13
a80d20b0 T _Z13ext_io_out_b1i
a80d20b2 t $LCFI15
a80d20ec T _ZN5ExtIOC1E7PinNameS0_S0_S0_
a80d20ee t $LCFI45
a80d2124 t _ZL11init_ext_iov
a80d2126 t $LCFI48
a80d2170 T _Z11hal_link_txPhi
a80d2172 t $LCFI0
a80d2190 T _Z11hal_link_rxv
a80d2194 t $LCFI2
a80d21bc T _Z13hal_link_initPhi
a80d21be t $LCFI4
a80d2224 t _ZL16link_frame_startv
a80d2254 t _ZL14link_frame_endv
a80d2256 t $LCFI0
a80d22a8 T _Z12link_cmd_addhPvt
a80d22aa t $LCFI3
a80d2380 t _ZL13frame_rx_waitv
a80d2382 t $LCFI7
a80d2404 T _Z28link_nand_flash_req_read_fcsiPt
a80d2406 t $LCFI11
a80d24a0 T _Z25link_nand_flash_req_writePvit
a80d24a2 t $LCFI15
a80d2554 T _Z24link_nand_flash_req_infov
a80d2556 t $LCFI19
a80d2638 t _ZL11wakeup_initv
a80d263a t $LCFI0
a80d26c0 T _Z12wakeup_writei
a80d26c2 t $LCFI6
a80d26f4 T _Z15isp_ext_cpu5856v
a80d26f6 t $LCFI0
a80d2934 T _Z14init_reg_valuev
a80d2938 T _Z9rtos_mainv
a80d293c T _Z11handler_ispPKv
a80d293e t $LCFI0
a80d2948 T boot_sector_start
a80d294a t $LCFI2
a80d297c t _GLOBAL__I_rst_oled
a80d297e t $LCFI5
a80d29f8 T _Z11isp_ext_cpui
a80d29fa t $LCFI0
a80d2a48 T _Z8lcd_putsiiPKc
a80d2a4e t $LCFI0
a80d2aa4 T _Z11lcd_put_intiim
a80d2aa8 t $LCFI3
a80d2ba8 T _Z9lcd_clearv
a80d2baa t $LCFI5
a80d2bc4 t T.29
a80d2bc6 t $LCFI7
a80d2bec t T.28
a80d2bee t $LCFI9
a80d2cf0 T _Z15lcd_display_ispv
a80d2cf2 t $LCFI13
a80d2d2c T _Z10lcd_updatev
a80d2d2e t $LCFI21
a80d2d3c t _GLOBAL__I_lcd
a80d2d3e t $LCFI23
a80d2e30 T _Z11frame_writePhi
a80d2e32 t $LCFI0
a80d2e50 T _Z10frame_sendhPht
a80d2e52 t $LCFI2
a80d2e98 T _Z10frame_readPhii
a80d2e9a t $LCFI5
a80d2eec T _Z10frame_waitPhPvPtii
a80d2eee t $LCFI9
a80d3018 t _ZL16handler_poweroffPKv
a80d301a t $LCFI0
a80d30ac t _GLOBAL__I_btnPower
a80d30ae t $LCFI2
a80d30e8 t _ZL8init_usbv
a80d30ec t $LCFI0
a80d3168 t T.73
a80d316a t $LCFI4
a80d31b4 T _Z8isp_loopv
a80d31b6 t $LCFI7
a80d35c4 T _Z3ispv
a80d35c6 t $LCFI11
a80d35f0 T _Z12isp_max_sizev
a80d35fc T _Z14isp_block_sizev
a80d3604 T _Z12isp_exec_appv
a80d3606 t $LCFI0
a80d3638 T _Z16isp_is_isp_resetv
a80d3654 T _Z16isp_reset_to_ispv
a80d3658 t $LCFI2
a80d3670 t _ZL9memd_initv
a80d3672 t $LCFI4
a80d3694 T _Z14isp_read_blockmPmi
a80d3696 t $LCFI6
a80d36ec T _Z15isp_write_blockmPmi
a80d36ee t $LCFI10
a80d37a4 T _Z8cpu_idlev
a80d37a8 T _Z9cpu_resetv
a80d37aa t $LCFI5
a80d37b8 T _Z18cpu_poweroff_resetv
a80d37ba t $LCFI7
a80d37cc T _Z12cpu_poweroffv
a80d37ce t $LCFI9
a80d37dc T free
a80d37de t $LCFI0
a80d37ec T malloc
a80d37ee t $LCFI2
a80d37fc T _ZdlPv
a80d37fe t $LCFI2
a80d380c T _Znwj
a80d380e t $LCFI6
a80d381c T _ZN5Timer7read_msEv
a80d381e t $LCFI0
a80d3838 T _ZN6TickerC2Ev
a80d383a t $LCFI16
a80d385c t _ZL8gpio_setPvi
a80d3894 t _ZL8gpio_getPv
a80d38c0 T _ZN3SPI9frequencyEi
a80d3910 T _ZN3SPI5writeEi
a80d3912 t $LCFI12
a80d3c5c T _ZN3SPI6selectEi
a80d3c5e t $LCFI16
a80d3c6c t _ZL14gpio_get_input7PinName
a80d3c6e t $LCFI18
a80d3cac t _ZL15gpio_get_output7PinName
a80d3cae t $LCFI21
a80d3cec t T.55
a80d3cfa t $LCFI24
a80d3d10 T _ZN3SPIC1E7PinNameS0_S0_S0_
a80d3d12 t $LCFI30
a80d3e4c T _ZN10DigitalOut5writeEi
a80d3e4e t $LCFI0
a80d3ea0 T _ZN10DigitalOut4modeE7PinMode
a80d3edc T _ZN10DigitalOutC1E7PinNamei
a80d3ede t $LCFI13
a80d3f58 t _ZL8irq_gpioi
a80d3f60 t $LCFI0
a80d3f9c t _ZL9irq_gpio0v
a80d3f9e t $LCFI2
a80d3fac t _ZL9irq_gpio1v
a80d3fae t $LCFI4
a80d3fbc t _ZL9irq_gpio2v
a80d3fbe t $LCFI6
a80d3fcc t _ZL9irq_gpio3v
a80d3fce t $LCFI8
a80d3fdc t _ZL9irq_gpio4v
a80d3fde t $LCFI10
a80d3fec t _ZL9irq_gpio5v
a80d3fee t $LCFI12
a80d3ffc t _ZL9irq_gpio6v
a80d3ffe t $LCFI14
a80d400c t _ZL9irq_gpio7v
a80d400e t $LCFI16
a80d401c t _ZL9irq_gpio8v
a80d401e t $LCFI18
a80d402c t _ZL9irq_gpio9v
a80d402e t $LCFI20
a80d403c t _ZL10irq_gpio10v
a80d403e t $LCFI22
a80d404c t _ZL10irq_gpio11v
a80d404e t $LCFI24
a80d405c t _ZL10irq_gpio12v
a80d405e t $LCFI26
a80d406c t _ZL10irq_gpio13v
a80d406e t $LCFI28
a80d407c t _ZL10irq_gpio14v
a80d407e t $LCFI30
a80d408c t _ZL10irq_gpio15v
a80d408e t $LCFI32
a80d409c T _ZN11InterruptIn12_irq_handlerEmi
a80d409e t $LCFI34
a80d40c0 T _ZN11InterruptIn11disable_irqEv
a80d40c2 t $LCFI36
a80d40fc T _ZN11InterruptIn10enable_irqEv
a80d40fe t $LCFI39
a80d413c T _ZN11InterruptIn10setup_fallEv
a80d4140 t $LCFI42
a80d4154 t T.24
a80d4156 t $LCFI48
a80d423c T _ZN11InterruptInC1E7PinName
a80d423e t $LCFI56
a80d427c T _ZN9DigitalIn4readEv
a80d427e t $LCFI0
a80d42c0 T _ZN9DigitalInC1E7PinName
a80d42c2 t $LCFI12
a80d4328 t _ZL19DebugUartIrqHandlerv
a80d4394 t _ZL15Uart1IrqHandlerv
a80d4400 T _Z28raw_serial_rx_dma_rx_restarti
a80d4450 T _ZN14RawSerialRxDma5writeEPKvi
a80d449c T _ZN14RawSerialRxDma18write_dma_finishedEv
a80d44a0 T _ZN14RawSerialRxDma9write_dmaEPKvi
a80d44d8 T _ZN14RawSerialRxDma9set_speedEi
a80d4518 T _ZN14RawSerialRxDma11set_timeoutEi
a80d451c T _ZN14RawSerialRxDma14disable_wakeupEv
a80d451e t $LCFI0
a80d452c T _ZN14RawSerialRxDma13enable_wakeupEv
a80d452e t $LCFI2
a80d453c T _ZN14RawSerialRxDma10set_formatEPKc
a80d453e t $LCFI4
a80d457c T _ZN14RawSerialRxDma4readEPvi
a80d457e t $LCFI7
a80d4620 T _ZN14RawSerialRxDma5setupE7PinNameS0_
a80d4622 t $LCFI11
a80d4860 T _ZN14RawSerialRxDmaC1E7PinNameS0_Pvi
a80d4862 t $LCFI23
a80d48c8 t _ZL7pwm_setiii
a80d48ca t $LCFI5
a80d493c T _ZN6PwmOut13pulsewidth_usEi
a80d493e t $LCFI9
a80d4954 T _ZN6PwmOut5writeEf
a80d4956 t $LCFI17
a80d49b0 T _ZN6PwmOut9period_usEi
a80d49b2 t $LCFI27
a80d49c8 T _ZN6PwmOut6periodEf
a80d49ca t $LCFI32
a80d4a08 T _ZN6PwmOut5setupE7PinName
a80d4a0a t $LCFI35
a80d4a78 T _ZN6PwmOutC1E7PinName
a80d4a7c t $LCFI43
a80d4a8c T _ZN3I2C9set_speedE8I2CSpeed
a80d4ad0 T _ZN3I2C5writeEiPKcib
a80d4ad2 t $LCFI10
a80d53c0 t T.866
a80d53ce t $LCFI14
a80d53e4 T _ZN3I2CC1E7PinNameS0_
a80d53e6 t $LCFI20
a80d5564 W _ZN6USBHAL3SOFEi
a80d5568 W _ZN6USBHAL16EP1_OUT_callbackEv
a80d556c W _ZN6USBHAL15EP1_IN_callbackEv
a80d5570 W _ZN6USBHAL16EP2_OUT_callbackEv
a80d5574 W _ZN6USBHAL15EP2_IN_callbackEv
a80d5578 W _ZN6USBHAL16EP3_OUT_callbackEv
a80d557c W _ZN6USBHAL15EP3_IN_callbackEv
a80d5580 T _ZN9USBDevice8busResetEv
a80d5584 T _ZN9USBDevice16EP0setupCallbackEv
a80d5588 T _ZN9USBDevice6EP0outEv
a80d558c T _ZN9USBDevice5EP0inEv
a80d5590 T _ZN9USBDevice19connectStateChangedEj
a80d5594 T _ZN9USBDevice19suspendStateChangedEj
a80d5598 T _ZN9USBDevice20USBCallback_busResetEv
a80d559c T _ZN9USBDevice19USBCallback_requestEv
a80d55a0 T _ZN9USBDevice28USBCallback_requestCompletedEPhm
a80d55a4 T _ZN9USBDevice28USBCallback_setConfigurationEh
a80d55a8 T _ZN9USBDevice24USBCallback_setInterfaceEth
a80d55ac T _ZN9USBDevice17configurationDescEv
a80d55b0 T _ZN9USBDevice16reportDescLengthEv
a80d55b4 T _ZN9USBDevice10deviceDescEv
a80d55b8 T _ZN9USBDevice16stringLangidDescEv
a80d55bc T _ZN9USBDevice23stringImanufacturerDescEv
a80d55c0 T _ZN9USBDevice17stringIserialDescEv
a80d55c4 T _ZN9USBDevice24stringIConfigurationDescEv
a80d55c8 T _ZN9USBDevice20stringIinterfaceDescEv
a80d55cc T _ZN9USBDevice18stringIproductDescEv
a80d55d0 T _ZN9USBDevice10disconnectEv
a80d55d2 t $LCFI0
a80d55f8 T _ZN9USBDeviceC2Ettt
a80d55fa t $LCFI7
a80d5614 t _ZL9usb_writePci
a80d5616 t $LCFI0
a80d5634 T _ZN13RawUSBPrinter4readEPvj
a80d5636 t $LCFI2
a80d5648 T _ZN13RawUSBPrinter19USBCallback_requestEv
a80d564c T _ZN13RawUSBPrinter28USBCallback_requestCompletedEPhm
a80d5650 T _ZN13RawUSBPrinter28USBCallback_setConfigurationEh
a80d5654 T _ZN13RawUSBPrinter16EP2_OUT_callbackEv
a80d5658 T _ZN13RawUSBPrinter9set_speedEi
a80d565c T _ZN13RawUSBPrinter11set_timeoutEi
a80d5660 T _ZN13RawUSBPrinter10set_formatEPKc
a80d5664 T _ZN13RawUSBPrinter6readEPEPhPm
a80d5668 T _ZN13RawUSBPrinter10deviceDescEv
a80d566c T _ZN13RawUSBPrinter20stringIinterfaceDescEv
a80d5670 T _ZN13RawUSBPrinter18stringIproductDescEv
a80d5674 T _ZN13RawUSBPrinter23stringImanufacturerDescEv
a80d5678 T _ZN13RawUSBPrinter17stringIserialDescEv
a80d567c T _ZN13RawUSBPrinter17configurationDescEv
a80d5680 T _ZN13RawUSBPrinter5writeEPKvj
a80d5682 t $LCFI4
a80d56b8 T _ZN13RawUSBPrinterC1EPKcS1_tttb
a80d56ba t $LCFI8
a80d5828 t _ZL8_onUsbRxPhi
a80d582a t $LCFI16
a80d58c4 t _ZL13event_handlerP10_COS_EVENT
a80d58c6 t $LCFI20
a80d5904 t _ZL4initv
a80d5906 t $LCFI23
a80d594c T hal_LpsOpen
a80d5998 T hal_LpsReady
a80d59d4 T hal_LpsIrqHandler
a80d59d8 t $LCFI0
a80d5a0c T hal_LpsDeepSleep
a80d5a0e t $LCFI5
a80d5b84 T hal_LpsSleep
a80d5b86 t $LCFI8
a80d5c58 T hal_LpsClockSysChangeAllowed
a80d5c5a t $LCFI17
a80d5c84 t hal_mgc_usb_highSpeed
a80d5c98 t hal_UsbResetTransfert
a80d5cc0 t hal_UsbCallbackEp
a80d5cd2 t $LCFI0
a80d5d04 t hal_UsbCallbackInterface
a80d5d06 t $LCFI2
a80d5d60 T hal_UsbSendIsDone
a80d5d78 T hal_UsbIsWorkAsHost
a80d5da0 T hal_UsbSetDisconnCb
a80d5dac T hal_UsbSetMode
a80d5db8 T hal_musb_start
a80d5dbc t $LCFI11
a80d5e84 t hal_UsbDisableEp
a80d5e86 t $LCFI15
a80d5ee4 t hal_UsbClrConfig
a80d5ee6 t $LCFI19
a80d5f88 t hal_UsbInit
a80d5f8a t $LCFI23
a80d5fbc T hal_UsbClose
a80d5fbe t $LCFI26
a80d5ff0 t hal_UsbConfig
a80d5ff2 t $LCFI32
a80d6090 T hal_UsbReset
a80d6096 t $LCFI36
a80d60b0 T hal_UsbOpen
a80d60b2 t $LCFI38
a80d60d0 T hal_UsbRecv
a80d60d2 t $LCFI41
a80d6128 T musb_g_tx
a80d612a t $LCFI44
a80d61e4 T hal_UsbSend
a80d61ea t $LCFI47
a80d62c0 T musb_g_rx
a80d62c6 t $LCFI51
a80d63a4 t hal_UsbContinueTransferDone
a80d63a6 t $LCFI55
a80d6474 t hal_UsbEnableEp
a80d6478 t $LCFI59
a80d6570 T BAL_SysUSBDeviceDetect
a80d6572 t $LCFI63
a80d65c8 T hal_usbSpiRead
a80d65ce t $LCFI65
a80d6614 T hal_UsbRoleDet
a80d6616 t $LCFI68
a80d6754 T musb_notify_conn_msg
a80d675a t $LCFI72
a80d677c T hal_UsbIrqHandler
a80d677e t $LCFI74
a80d7294 t hal_AnaGpadcMinAtp
a80d72c0 T hal_AnaGpadcGetCalibHigh
a80d72cc T hal_AnaGpadcGetCalibLow
a80d72d8 T hal_AnaGpadcWakeUp
a80d72da t $LCFI0
a80d72f4 T hal_AnaGpadcSleep
a80d72f6 t $LCFI2
a80d7304 T hal_AnaGpadcGetRaw
a80d7306 t $LCFI6
a80d7394 T hal_AnaGpadcOpen
a80d7396 t $LCFI10
a80d73c4 T hal_AnaGpadcGpadc2Volt
a80d73c6 t $LCFI13
a80d74a8 T hal_AnaGpadcGet
a80d74aa t $LCFI17
a80d74c0 T bal_GetSleepState
a80d74cc T hal_UsbDisconnCb
a80d74d8 T BAL_SysTimerTimeout
a80d74da t $LCFI8
a80d74f8 T BAL_SysTask
a80d74fa t $LCFI10
a80d75dc T pmd_SetHighActivity
a80d75ec T pmd_BatteryLevelToPercent
a80d7628 t pmd_EnableLowBattVoltShutdown
a80d762a t $LCFI6
a80d7660 t pmd_TuneCharger
a80d7662 t $LCFI9
a80d76b4 T pmd_ChargerSetBgLpMode
a80d76b6 t $LCFI13
a80d7738 t pmd_GetEffuseValue
a80d773a t $LCFI17
a80d7764 T pmd_GetEncryptUid
a80d7766 t $LCFI20
a80d77a0 T pmd_SetChargeCurrent
a80d77a4 t $LCFI27
a80d7838 T pmd_RestoreChargerAtPowerOff
a80d783a t $LCFI30
a80d7864 T pmd_GetGpadcBatteryLevel
a80d7866 t $LCFI36
a80d78c8 T pmd_GetBatteryLevel
a80d78ca t $LCFI39
a80d7944 T pmd_InitCharger
a80d7946 t $LCFI43
a80d7b18 T umss_Open
a80d7b1a t $LCFI4
a80d7be0 t mssCallback
a80d7be2 t $LCFI8
a80d7c58 T umss_TransportEventProcess
a80d7c5a t $LCFI10
a80d7c98 t mssSendEvent
a80d7c9a t $LCFI12
a80d7cb8 t mssCallbackEp
a80d7cba t $LCFI14
a80d7cd8 T sxs_FsIdleHook
a80d7cda t $LCFI0
a80d7cf0 T sxs_StartAll
a80d7cf2 t $LCFI2
a80d7d34 T sap_main
a80d7d36 t $LCFI4
a80d7d68 T sxs_DebugIdleHook
a80d7d6a t $LCFI7
a80d7da4 T sxs_TaskIdle
a80d7da6 t $LCFI11
a80d7dd4 T ap_serivce_add
a80d7df8 T ap_service_task_start
a80d7dfa t $LCFI0
a80d7e28 t ServiceTaskEntry
a80d7e2a t $LCFI2
a80d7e78 T c_start_main
a80d7e7a t $LCFI0
a80d7f20 t _ZL8_wait_msi
a80d7f22 t $LCFI3
a80d7f58 T init_clock_104M
a80d7f5a t $LCFI0
a80d7f78 W _Z10init_clockv
a80d7f7a t $LCFI2
a80d7fc4 T _Z17init_debug_serialv
a80d7ff0 T _Z11init_mallocv
a80d7ff4 T _Z8init_cpuv
a80d7ff6 t $LCFI0
a80d8070 T _Z23mem_malloced_total_sizev
a80d807c T _Z20mem_malloc_free_sizev
a80d8094 T _Z10rtos_startv
a80d8096 t $LCFI0
a80d80c0 T _Z9rtos_initv
a80d80e0 T _Z14osThreadCreatePKcPFvPKvEPv10osPriorityi
a80d80e2 t $LCFI0
a80d813c W _ZN6USBHAL8busResetEv
a80d8140 W _ZN6USBHAL16EP0setupCallbackEv
a80d8144 W _ZN6USBHAL6EP0outEv
a80d8148 W _ZN6USBHAL5EP0inEv
a80d814c W _ZN6USBHAL19connectStateChangedEj
a80d8150 W _ZN6USBHAL19suspendStateChangedEj
a80d8154 T _ZN6USBHALC2Ev
a80d8160 T hal_Open
a80d8162 t $LCFI0
a80d821c T BAL_TaskInit
a80d821e t $LCFI0
a80d82a0 T BAL_Initalise
a80d82a2 t $LCFI0
a80d82b8 T _Z12os_info_taskPFvPciE
a80d82be t $LCFI0
a80d8320 t _ZL3outPFvPciEPKcz
a80d8322 t $LCFI4
a80d8350 T _Z7os_infoPFvPciE
a80d8352 t $LCFI8
a80d8598 t _ZL10os_info_txPKv
a80d859a t $LCFI12
a80d85c4 T _Z14ms_ticker_readv
a80d85c6 t $LCFI0
a80d85d8 t _ZL9printcharPPci
a80d85e4 t _ZL6printsPPcS_ii
a80d85e6 t $LCFI0
a80d8678 t _ZL6printiPPciiiiii
a80d867a t $LCFI4
a80d8730 t _ZL9_vsprintfPPcS_Pv
a80d8732 t $LCFI8
a80d884a t $L33
a80d887c T vsprintf
a80d887e t $LCFI12
a80d8890 T memset
a80d88a4 T memcmp
a80d88d0 T strncpy
a80d88ec T strcpy
a80d8900 T strcat
a80d891c T strncmp
a80d8944 T strstr
a80d8946 t $LCFI4
a80d8994 T _Z11crc32_calc1mPhi
a80d89c0 T _Z16mem_region_countv
a80d89cc T _Z15mem_region_infoiPPcPm
a80d89e0 T _Z21mem_region_other_sizev
a80d89ec W _Z11sleep_clearv
a80d89ee t $LCFI8
a80d8a04 W _Z7wait_usi
a80d8a06 t $LCFI0
a80d8a34 W _Z7wait_msi
a80d8a38 t $LCFI2
a80d8a4c t _ZL8_wait_msi
a80d8a4e t $LCFI6
a80d8a84 W _ZN6ThreadC1EPKcPFvPKvEPv10osPrioritym
a80d8a86 t $LCFI8
a80d8aa8 T readdir
a80d8aaa t $LCFI10
a80d8abc T opendir
a80d8abe t $LCFI64
a80d8b0c T _ZN5Timer5resetEv
a80d8b0e t $LCFI0
a80d8b28 W _ZN5Timer9slicetimeEv
a80d8b2a t $LCFI3
a80d8b40 T _ZN5Timer7read_usEv
a80d8b44 t $LCFI6
a80d8b60 T _ZN5Timer5startEv
a80d8b62 t $LCFI18
a80d8b7c T _ZN5TimerC1Ev
a80d8b7e t $LCFI21
a80d8b98 T _ZN4FifoC1EPvi
a80d8bb8 T _ZN4Fifo4sizeEv
a80d8bc0 T _ZN4Fifo6lengthEv
a80d8bdc T _ZN4Fifo11free_lengthEv
a80d8c00 T _ZN4Fifo21get_read_block_lengthEv
a80d8c18 T _ZN4Fifo5flushEv
a80d8c24 T _ZN4Fifo5putchEh
a80d8c68 T _ZN4Fifo5getchEPh
a80d8c90 T _ZN4Fifo5peekcEPh
a80d8ca8 T _ZN4Fifo4peekEPvi
a80d8caa t $LCFI0
a80d8d24 T _ZN4Fifo5writeEPKvi
a80d8d26 t $LCFI4
a80d8dac T _ZN4Fifo4readEPvi
a80d8dae t $LCFI8
a80d8e30 T _ZN4FifoD1Ev
a80d8e32 t $LCFI12
a80d8e4c T _ZN4FifoD0Ev
a80d8e4e t $LCFI16
a80d8e74 T _ZN4FifoC1Ei
a80d8e76 t $LCFI19
a80d8eb0 T _ZN15FunctionPointer6attachEPFvvE
a80d8eb8 T _ZN15FunctionPointerC1EPFvvE
a80d8eba t $LCFI0
a80d8ec8 T _ZN15FunctionPointer4callEv
a80d8eca t $LCFI4
a80d8ee8 W _ZN9DirHandle7telldirEv
a80d8ef0 W _ZN9DirHandle7seekdirEl
a80d8ef4 W _ZN9DirHandleD1Ev
a80d8f00 W _ZN13BaseDirHandleD1Ev
a80d8f0c W _ZN13BaseDirHandle8closedirEv
a80d8f0e t $LCFI0
a80d8f24 W _ZN13BaseDirHandle7telldirEv
a80d8f28 W _ZN13BaseDirHandle7seekdirEl
a80d8f2c W _ZN13BaseDirHandle9rewinddirEv
a80d8f34 T _ZN14FileSystemLike7opendirEv
a80d8f38 t $LCFI2
a80d8f54 W _ZN13BaseDirHandleD0Ev
a80d8f58 t $LCFI4
a80d8f6c W _ZN9DirHandleD0Ev
a80d8f70 t $LCFI6
a80d8f84 W _ZN13BaseDirHandle7readdirEv
a80d8f86 t $LCFI8
a80d8fc0 T _ZN8FilePath8fileNameEv
a80d8fc4 T _ZN8FilePath12isFileSystemEv
a80d8fc6 t $LCFI5
a80d8fe4 T _ZN8FilePath10fileSystemEv
a80d8fe6 t $LCFI7
a80d9000 T _ZN8FilePathC1EPKc
a80d9002 t $LCFI10
a80d9048 W __cxa_pure_virtual
a80d904c T _ZN8FileBase3getEi
a80d9068 T _ZN8FileBase7getNameEv
a80d906c T _ZN8FileBase11getPathTypeEv
a80d9070 T _ZN8FileBase6lookupEPKcj
a80d9072 t $LCFI0
a80d90b4 T hal_AudSetMicAnaVolume
a80d90be t $LCFI3
a80d90d0 T hal_AudEnableCodecAuxPll
a80d90de t $LCFI9
a80d90f0 T hal_abbPdAll
a80d90f2 t $LCFI25
a80d9128 t hal_AudGetSampleRateIndex
a80d912a t $LCFI28
a80d927c T hal_AudSetSampleRate
a80d927e t $LCFI40
a80d931c T hal_AbbOpen
a80d931e t $LCFI47
a80d93fc T hal_abbEnablePa
a80d93fe t $LCFI57
a80d9440 T hal_DbgAssert
a80d9442 t $LCFI0
a80d94b0 T hal_IsBtStart
a80d94bc T hal_IsBtSleep
a80d94c8 T hal_IsBtDead
a80d94ec T hal_BtNotifyDataSent
a80d94ee t $LCFI2
a80d952c T hal_BtStop
a80d952e t $LCFI4
a80d9594 T hal_BtStart
a80d9598 t $LCFI6
a80d961c T hal_BtIrqHandler
a80d961e t $LCFI8
a80d9710 T hal_BtSetHostIrqHandler
a80d9712 t $LCFI12
a80d9764 T hal_DbgFatalTrigger
a80d9766 t $LCFI14
a80d977c T hal_GpioInit
a80d9780 T hal_GpioResetIrq
a80d97a8 T hal_GpioIrqSetHandler
a80d97e0 T hal_GpioIrqSetMask
a80d97e2 t $LCFI0
a80d98b8 T hal_GpioUpOrDn
a80d9900 T hal_GpioSetPinMux
a80d9928 T hal_GpioIrqHandler
a80d992a t $LCFI5
a80d9970 T hal_GpioClr
a80d9972 t $LCFI13
a80d99c4 T hal_GpioSet
a80d99c6 t $LCFI17
a80d9a2c T hal_GpioGet
a80d9a32 t $LCFI21
a80d9a90 T hal_GpioSetIn
a80d9a96 t $LCFI25
a80d9af4 T hal_GpioSetOut
a80d9afa t $LCFI29
a80d9b58 T hal_GpioOpen
a80d9b5e t $LCFI37
a80d9c4c T hal_IspiCsActivate
a80d9c70 T hal_IspiCsDeactivate
a80d9c9c T hal_IspiUpdateDivider
a80d9cdc T hal_IspiGetData
a80d9cde t $LCFI16
a80d9d14 T hal_IspiTxFinished
a80d9d16 t $LCFI19
a80d9d24 T hal_IspiTxFifoAvail
a80d9d26 t $LCFI23
a80d9d34 T hal_IspiSendData
a80d9d36 t $LCFI27
a80d9d6c T hal_IspiOpen
a80d9d6e t $LCFI36
a80d9dc8 T hal_MapEngineOpen
a80d9dec T hal_MapEngineRegisterModule
a80d9e08 T musb_select_ep
a80d9e20 T musb_write_fifo_ram
a80d9e22 t $LCFI0
a80d9e9c T musb_read_fifo_ram
a80d9e9e t $LCFI2
a80d9f18 T hal_DbgPxtsSendTrigger
a80d9f2c T hal_AbbIspiWrite
a80d9f2e t $LCFI0
a80d9f68 T hal_AbbRegWrite
a80d9f6a t $LCFI3
a80d9f7c T hal_AbbIspiRead
a80d9f82 t $LCFI7
a80d9fd4 T hal_AbbRegRead
a80d9fd6 t $LCFI10
a80da058 T hal_AllSpiRegCheck
a80da05a t $LCFI18
a80da0fc T hal_AudDeepPowerDown
a80da12c T hal_AudSetSpkCfg
a80da138 T hal_AudSetRcvGain
a80da148 T hal_AudSetHeadGain
a80da14a t $LCFI5
a80da17c t hal_AudMuteAllChannels
a80da17e t $LCFI17
a80da1a0 T hal_AudForcePowerDown
a80da1a2 t $LCFI19
a80da1c0 T hal_RfspiInitQueue
a80da1d8 t hal_SysCallFreqChangeHandlers
a80da1da t $LCFI0
a80da20c T hal_SysGetFreq
a80da218 t hal_SysGetFrequencyConfiguration
a80da308 T hal_SysPwmManualMode
a80da32c T hal_SysGetResetCause
a80da360 T hal_SysExitCriticalSection
a80da36c T hal_SysEnterCriticalSection
a80da378 T hal_SysSetSpiFlashClock
a80da37a t $LCFI11
a80da46c T hal_SysChangeSystemClockByOneStep
a80da46e t $LCFI15
a80da4d8 T hal_SysSetupSystemClock
a80da4de t $LCFI18
a80da590 T hal_SysSoftReset
a80da592 t $LCFI21
a80da5b4 T hal_SysFSF2SF
a80da5b6 t $LCFI28
a80da64c T hal_SysGetRequestFreq
a80da64e t $LCFI30
a80da664 T hal_SysSF2FSF
a80da668 t $LCFI32
a80da70c T hal_SysSetVocClock
a80da70e t $LCFI36
a80da828 T hal_SysSetVocClockDefault
a80da82c t $LCFI40
a80da840 T hal_SysChangeSystemClock
a80da842 t $LCFI46
a80da9a0 T hal_SysUpdateSystemFrequency
a80da9a2 t $LCFI50
a80da9cc T hal_SysRequestFreq
a80da9ce t $LCFI52
a80daa3c T hal_SysRestart
a80daa3e t $LCFI68
a80daa74 T hal_SysShutdown
a80daa76 t $LCFI71
a80daae0 T hal_IfcOpen
a80daafc T hal_TcuOpen
a80dab08 T hal_TcuStop
a80dab20 T hal_TcuIrqHandler
a80dab2c t $LCFI0
a80dab5c T hal_TcuSetWrap
a80dab5e t $LCFI6
a80dab88 T hal_TcuInit
a80dab8a t $LCFI9
a80dac6c T hal_TimWatchDogKeepAlive
a80dac88 T hal_TimWatchDogClose
a80dac98 T hal_TimWatchDogStop
a80daca4 T hal_TimTickIrqHandler
a80daca8 t $LCFI2
a80dacc8 T hal_TimTickOpen
a80dacf4 T hal_TimTimersIrqHandler
a80dacf8 t $LCFI4
a80dad1c T hal_TimGetReminderTime
a80dad1e t $LCFI9
a80dad4c T hal_TimSetExpirationTime
a80dad4e t $LCFI13
a80dada4 t hal_TickIrqHandler
a80dada6 t $LCFI16
a80daddc T hal_TimWatchDogOpen
a80dadde t $LCFI23
a80dae14 T musb_host_packet_rx
a80dae40 T hal_musb_host_connect
a80dae4c T hal_musb_host_disconnect
a80dae4e t $LCFI0
a80daea8 t musb_host_packet_tx
a80daeae t $LCFI22
a80daf0c T musb_host_tx_int
a80daf0e t $LCFI27
a80db00c T usb_host_end0_Interrupt
a80db00e t $LCFI34
a80db1e8 T musb_host_rx_int
a80db1ec t $LCFI42
a80db374 T boot_IspiGetRomedCfg
a80db380 T boot_IspiGetData
a80db3b0 T sxs_vprintf
a80db3b2 t $LCFI0
a80db3c8 T hal_DbgGdbHstSendEvent
a80db3cc t hal_GdbIsAddressStepForbidden
a80db3e8 T hal_GdbBreaks
a80db408 T hal_GdbSendcmd
a80db424 T hal_GdbIrqDebug
a80db428 T hal_Gdb16Step
a80db42a t $LCFI0
a80db67c T hal_Gdb32Step
a80db67e t $LCFI4
a80db830 T hal_Gdb16EndStep
a80db858 T hal_Gdb32EndStep
a80db878 T hal_GdbPrepare
a80db87c t $LCFI8
a80db8d8 T hal_GdbBreakPrint
a80db8da t $LCFI12
a80db934 T hal_GdbLoop
a80db936 t $LCFI15
a80dbc78 T hal_GdbException
a80dbc7c t $LCFI19
a80dbcf0 T hal_GdbIrqPage
a80dbcf2 t $LCFI23
a80dbd90 T hal_GdbBreakRaise
a80dbd92 t $LCFI27
a80dbdfc T hal_GdbBreakSoftBreakPoint
a80dbe00 t $LCFI31
a80dbe50 T hal_GdbBreakBreakPoint
a80dbe54 t $LCFI35
a80dbe90 T hal_GdbBreakDivBy0
a80dbe92 t $LCFI39
a80dbf00 T hal_HstRamClientIrq
a80dbf04 T hal_DbgPageProtectGetHitMaster
a80dbf18 T hal_DbgPageProtectGetHitAddress
a80dbf30 T hal_SpiIrqHandler
a80dbf34 t $LCFI0
a80dbf48 T hal_VocIrqHandler
a80dbf4a t $LCFI4
a80dbfa8 T hal_AifIrqHandler
a80dbfae t $LCFI0
a80dc010 T hal_TimRtcIrqHandler
a80dc012 t $LCFI6
a80dc080 T hal_DmaIrqHandler
a80dc084 t $LCFI6
a80dc098 T sx_RegisterYourself
a80dc09a t $LCFI0
a80dc0b4 T sxr_DeleteComplexTimer
a80dc0b6 t $LCFI30
a80dc294 T sxr_DeleteTimer
a80dc298 t $LCFI34
a80dc2ac T sxs_StopTimer
a80dc2ae t $LCFI54
a80dc2f4 T sxs_StartTimer
a80dc2f6 t $LCFI57
a80dc340 T sxr_EnterScSchedule
a80dc350 T sxr_ScheduleIdle
a80dc352 t $LCFI8
a80dc3f8 T sxr_ExitScSchedule
a80dc3fa t $LCFI11
a80dc478 T sxr_StartTask
a80dc47a t $LCFI27
a80dc510 T sxr_TaskInit
a80dc512 t $LCFI31
a80dc538 T sxs_IoInit
a80dc554 T sxs_fprintf
a80dc556 t $LCFI0
a80dc56c T sxs_Raise
a80dc56e t $LCFI2
a80dc5c4 T sxs_vprintf_flash
a80dc5c6 t $LCFI6
a80dc670 T sxr_MutexInit
a80dc672 t $LCFI13
a80dc6f8 T sxr_NewMailBoxWithCondition
a80dc6fa t $LCFI17
a80dc774 T sxr_NewSemaphore
a80dc776 t $LCFI21
a80dc7ec T sxr_NewMailBox
a80dc7ee t $LCFI25
a80dc830 T sxr_SbxInit
a80dc832 t $LCFI29
a80dca1c T sxr_CheckTask
a80dca1e t $LCFI9
a80dca3c T sxr_TkSdInit
a80dca3e t $LCFI20
a80dcacc T sxr_StartScheduling
a80dcace t $LCFI24
a80dcb10 T sxr_NewTask
a80dcb12 t $LCFI34
a80dcbe8 T sxr_RmvMsgFromMbx
a80dcbea t $LCFI8
a80dccf4 T sxr_InitTimer
a80dccf6 t $LCFI4
a80dcdec T gpio_LineinDetectHandler
a80dcdee t $LCFI3
a80dce4c T gpio_LineinDetectDelay
a80dce4e t $LCFI13
a80dcec0 T gpio_MutePinInit
a80dcec2 t $LCFI20
a80dcee8 T gpio_LineinDetectIrqInit
a80dceea t $LCFI23
a80dcf38 T gpio_initialise
a80dcf3a t $LCFI4
a80dcf6c T gpio_config
a80dcf6e t $LCFI6
a80dcf98 T gpio_Keyinit
a80dcf9a t $LCFI0
a80dd058 T gpio_scan_keys
a80dd05a t $LCFI4
a80dd0d4 T gpio_key_timeout
a80dd0d6 t $LCFI8
a80dd0e4 T rdabt_antenna_off
a80dd0e6 t $LCFI17
a80dd120 T rdabt_antenna_on
a80dd122 t $LCFI20
a80dd14c T BAL_BTTaskEntry
a80dd14e t $LCFI22
a80dd210 T rdabt_poweronphone_init
a80dd214 T RDA_bt_Power_Off
a80dd218 t $LCFI0
a80dd23c T rda_bt_power_on
a80dd23e t $LCFI2
a80dd284 T rdabt_poweron_init
a80dd286 t $LCFI4
a80dd29c T rdabt_get_xcpu_msg
a80dd2ec T rdabt_clear_xcpu_busy
a80dd2f8 T rdabt_wait_btcpu_busy
a80dd2fa t $LCFI0
a80dd330 T rdabt_send_msg_to_bt
a80dd332 t $LCFI7
a80dd3e4 T rdabt_Sharemem_Interrupt_Handle
a80dd3e6 t $LCFI13
a80dd4c0 T pmd_ConfigureRfLowPower
a80dd4e4 T pmd_GetBatteryGpadcChannel
a80dd4f4 T pmd_TsdTscEnabled
a80dd504 T pmd_GpadcChannelEnabled
a80dd528 T pmd_EnableClk4mAvdd3InLpMode
a80dd52a t $LCFI0
a80dd590 T pmd_SpiCsNonblockingActivate
a80dd592 t $LCFI4
a80dd5f0 T pmd_OpalCsDeactivate
a80dd5f2 t $LCFI22
a80dd624 T pmd_OpalCsBlockingActivate
a80dd628 t $LCFI32
a80dd688 T pmd_OpalSpiWrite
a80dd68a t $LCFI44
a80dd6c4 T pmd_RegWrite
a80dd6ca t $LCFI47
a80dd6dc T pmd_SetVIO2P8Voltage
a80dd6de t $LCFI49
a80dd72c T pmd_InitCoreVoltage
a80dd72e t $LCFI57
a80dd794 T pmd_RDAWrite
a80dd79a t $LCFI61
a80dd7a8 T pmd_GpadcDisable
a80dd7aa t $LCFI63
a80dd7d8 T pmd_GpadcEnableChannel
a80dd7da t $LCFI66
a80dd828 T pmd_GpadcSetInterval
a80dd82a t $LCFI70
a80dd86c T pmd_SpeakerPaRestoreMode
a80dd86e t $LCFI78
a80dd8c8 T pmd_SetCoreVoltage
a80dd8ca t $LCFI91
a80dd954 T pmd_EnableOpalLdo
a80dd958 t $LCFI106
a80ddad0 T pmd_SetLevel
a80ddad2 t $LCFI112
a80dddf0 T pmd_InitSpeakerPa
a80dddf2 t $LCFI120
a80dde2c T pmd_RegHpDetectSettingSet
a80dde2e t $LCFI126
a80dde70 T pmd_OpalSpiRead
a80dde76 t $LCFI134
a80ddec8 T pmd_RegRead
a80ddeca t $LCFI137
a80ddf20 T pmd_EnablePower
a80ddf22 t $LCFI144
a80de188 T pmd_InitTouchScreen
a80de18a t $LCFI148
a80de1e8 T pmd_RDARead
a80de1ea t $LCFI151
a80de230 T pmd_InitXtal32K
a80de232 t $LCFI155
a80de2a8 T pmd_SetPowerMode
a80de2aa t $LCFI162
a80de394 T pmd_RegIrqSettingSet
a80de396 t $LCFI166
a80de3dc T pmd_IrqHandler
a80de3de t $LCFI170
a80de430 T pmd_InitRdaPmu
a80de432 t $LCFI182
a80de494 T pmd_Close
a80de496 t $LCFI185
a80de564 T pmd_Open
a80de566 t $LCFI189
a80de824 T uctls_NewDeviceDescriptor
a80de826 t $LCFI0
a80de880 T uctls_NewConfigDescriptor
a80de882 t $LCFI4
a80de8b8 T uctls_NewInterfaceDescriptor
a80de8ba t $LCFI24
a80de900 T uctls_NewEpDescriptor
a80de902 t $LCFI28
a80de948 T uctls_AddInterface
a80de964 T uctls_AllocateEndPoint
a80de994 t uctls_GetDescriptor
a80de996 t $LCFI7
a80de9d0 T uctls_ChargerStatus
a80de9d6 t $LCFI9
a80dea68 T uctls_Open
a80dea6a t $LCFI13
a80deb08 W Mcd_UsbHostDeInit
a80deb0c W MMC_SCOReceiveData
a80deb10 W MMC_SCOGetRXBuffer
a80deb14 W aud_EnableEarpieceSetting
a80deb18 W aud_InitEarpieceSetting
a80deb1c W tsd_Debounce
a80deb20 T hal_DebugUartIrqHandler
a80deb24 t $LCFI0
a80deb38 T hal_Uart1IrqHandler
a80deb3c t $LCFI2
a80deb50 T hal_Uart2IrqHandler
a80deb54 t $LCFI4
a80deb68 T hal_SdmmcIrqHandler
a80deb6c t $LCFI6
a80deb80 T mem_addMemoryToAddressList
a80deba4 T mem_removeMemoryFromAddressList
a80debcc T mem_removeMemoryFromLengthList
a80dec10 T mem_splitMemory
a80dec3c T mem_addMemoryToPool
a80dec3e t $LCFI6
a80dec88 T mem_removeMemoryFromPool
a80dec8a t $LCFI9
a80decf8 T mem_mergeMemoryInAddressList
a80decfa t $LCFI12
a80dedec T mem_getMemoryFromPool
a80dedf0 t $LCFI16
a80dee34 T mem_addMemoryToLengthList
a80dee36 t $LCFI19
a80dee9c T COS_MemIint
a80dee9e t $LCFI23
a80def40 T mem_getMemoryFromLengthList
a80def42 t $LCFI27
a80defe8 T COS_Free
a80defea t $LCFI31
a80df064 T COS_Malloc
a80df066 t $LCFI43
a80df0f8 T COS_Malloc_NoCache
a80df0fa t $LCFI49
a80df108 T COS_GetSysTaskMbx
a80df118 T Cos_GetTaskHandler
a80df128 T COS_ExitCriticalSection
a80df12a t $LCFI16
a80df13c T COS_EnterCriticalSection
a80df13e t $LCFI18
a80df14c T COS_SendEvent
a80df158 t $LCFI24
a80df1a4 T COS_WaitEvent
a80df1a6 t $LCFI30
a80df218 T COS_CreateTask
a80df21a t $LCFI47
a80df2a0 T hasFreeEnv
a80df2a6 t $LCFI0
a80df2f4 T COS_SleepByTick
a80df2f6 t $LCFI0
a80df308 T COS_Sleep
a80df314 t $LCFI2
a80df338 T COS_HandleExpiredTimers
a80df33c t $LCFI19
a80df3b8 T COS_KillTimer
a80df3ba t $LCFI23
a80df418 T COS_SetTimer
a80df41c t $LCFI27
a80df500 T COS_Timer_Initialise
a80df502 t $LCFI31
a80df530 T COS_TimerDelivery
a80df532 t $LCFI33
a80df548 T SUL_StrCopy
a80df55c T SUL_MemSet8
a80df578 T SUL_ZeroMemory32
a80df58c T NVRAMGetData
a80df594 t $LCFI28
a80df5a4 T tgt_GetGPIOCfg
a80df5b0 T tgt_Open
a80df5c0 T tgt_GetHalConfig
a80df5cc T tgt_GetPmdConfig
a80df5d8 T tgt_GetBtdConfig
a80df5e4 T tgt_GetTsdConfig
a80df5f0 T tgt_GetDsmCfg
a80df5fc T tgt_RegisterAllModules
a80df5fe t $LCFI4
a80df624 T rfd_XcvReadChipId
a80df626 t $LCFI6
a80df644 T memd_FlashSetLayout
a80df674 T memd_RegisterYourself
a80df678 T memd_FlashRomulatorSetRamMode
a80df67c T DSM_SemInit
a80df67e t $LCFI8
a80df694 T DSM_GetUserData
a80df696 t $LCFI10
a80df730 T DSM_InitUserData
a80df732 t $LCFI17
a80df760 T DSM_CreatUserData
a80df762 t $LCFI20
a80df7c6 t $L100
a80df810 T DSM_ReadUserData
a80df812 t $LCFI24
a80df9a6 t $L122
a80dfa14 T DSM_DevInit
a80dfa16 t $LCFI81
a80dfb94 T RDABT_Remove_Transport
a80dfb98 T _Z14us_ticker_readv
a80dfb9a t $LCFI2
a80dfbac T DSM_EnqNvram
a80dfbae t $LCFI10
a80dfbd4 T hal_ConfigFmIo
a80dfbdc T hal_ConfigBtIo
a80dfbe4 T hal_RegisterYourself
a80dfbe6 t $LCFI0
a80dfc00 t hal_PwmUpdateDivider
a80dfc2c T hal_PwmResourceMgmt
a80dfc2e t $LCFI6
a80dfc98 T hal_PwlSelLevel
a80dfc9a t $LCFI9
a80dfd40 T btd_RegisterYourself
a80dfd44 T pmd_RegisterYourself
a80dfd48 T __init_array_start
a80dfd48 T initcall_init_ext_io
a80dfd4c T initcall_init_usb
a80dfd50 T initcall_wakeup_init
a80dfd54 T __ctor_list_start
a80dfd54 T __init_array_end
a80dfd60 r .rodata
a80dfd60 T __ctor_list_end
a80dfd60 T __reg_index_array_end
a80dfd60 T __reg_index_array_start
a80e01a8 R __thenan_df
a80e01c0 R __clz_tab
a80e0328 r _ZL9font_16x8
a80e035c V _ZZN5Fcs16C1EvE5table
a80e055c r _ZL14irq_gpio_array
a80e05a8 V _ZTV14RawSerialRxDma
a80e05d8 V _ZTV9USBDevice
a80e06a0 V _ZTV13RawUSBPrinter
a80e0778 r CSWTCH.77
a80e077c r CSWTCH.80
a80e07c0 R sxs_TaskIdleDesc
a80e07e8 V _ZTV6USBHAL
a80e09c4 r _ZL10Crc32Table
a80e0dc8 V _ZTV4Fifo
a80e0e08 V _ZTV13BaseDirHandle
a80e0e30 V _ZTV9DirHandle
a80e0e80 R gc_halAudDacSRDivCntInteger
a80e0ea0 r gc_halAudSdm2FreqRegs
a80e111c r gc_errWrongGpioType
a80e1218 r g_halSysFreqSteps
a80e1230 r CSWTCH.56
a80e1268 r CSWTCH.59
a80e1344 r CSWTCH.97
a80e1388 r g_halIrqPriorityMask
a80e1408 r g_halHwModuleIrqHandler
a80e14e8 R sxs_TraceDesc
a80e16d0 R g_tgtSxNbCfg
a80e16f4 R g_tgtHalCfg
a80e1780 R g_tgtPmdCfg
a80e18b8 R g_tgtDsmCfg
a80e197c R BoardsetupGpioCfg
a80e1ae8 R g_tgtGPIOCfg
a80e1b6c R g_tgtBtdCfg
a80e1b7c R g_tgtTsdCfg
a80e2000 A _flash_end
a80e2000 A _res_data_flash_start_location
a80fc000 A _user_data_end
a80fc000 R _user_data_start
a80fe000 A _calib_end
a80fe000 R _calib_start
a80ff000 A _factory_end
a80ff000 R _factory_start
